Archive member included because of file (symbol)

C:\Users\mw7\AppData\Roaming\arduino15\packages\arduino\hardware\sam\1.6.4\variants\arduino_due_x/libsam_sam3x8e_gcc_rel.a(startup_sam3xa.o)
                              (Reset_Handler)
C:\Users\mw7\AppData\Roaming\arduino15\packages\arduino\hardware\sam\1.6.4\variants\arduino_due_x/libsam_sam3x8e_gcc_rel.a(uotghs.o)
                              C:\Users\mw7\AppData\Roaming\arduino15\packages\arduino\hardware\sam\1.6.4\variants\arduino_due_x/libsam_sam3x8e_gcc_rel.a(startup_sam3xa.o) (UOTGHS_Handler)
C:\Users\mw7\AppData\Local\V.Micro\Arduino\Builds\ADC_Stream_Due\arduino_due_x_dbg/core.a(cortex_handlers.c.o)
                              C:\Users\mw7\AppData\Roaming\arduino15\packages\arduino\hardware\sam\1.6.4\variants\arduino_due_x/libsam_sam3x8e_gcc_rel.a(startup_sam3xa.o) (NMI_Handler)
C:\Users\mw7\AppData\Local\V.Micro\Arduino\Builds\ADC_Stream_Due\arduino_due_x_dbg/core.a(hooks.c.o)
                              C:\Users\mw7\AppData\Local\V.Micro\Arduino\Builds\ADC_Stream_Due\arduino_due_x_dbg/core.a(cortex_handlers.c.o) (sysTickHook)
C:\Users\mw7\AppData\Local\V.Micro\Arduino\Builds\ADC_Stream_Due\arduino_due_x_dbg/core.a(wiring.c.o)
                              C:\Users\mw7\AppData\Local\V.Micro\Arduino\Builds\ADC_Stream_Due\arduino_due_x_dbg\ADC_Stream_Due.cpp.o (micros)
C:\Users\mw7\AppData\Local\V.Micro\Arduino\Builds\ADC_Stream_Due\arduino_due_x_dbg/core.a(wiring_analog.c.o)
                              C:\Users\mw7\AppData\Local\V.Micro\Arduino\Builds\ADC_Stream_Due\arduino_due_x_dbg\ADC_Stream_Due.cpp.o (analogReadResolution)
C:\Users\mw7\AppData\Local\V.Micro\Arduino\Builds\ADC_Stream_Due\arduino_due_x_dbg/core.a(wiring_digital.c.o)
                              C:\Users\mw7\AppData\Local\V.Micro\Arduino\Builds\ADC_Stream_Due\arduino_due_x_dbg/core.a(wiring_analog.c.o) (pinMode)
C:\Users\mw7\AppData\Local\V.Micro\Arduino\Builds\ADC_Stream_Due\arduino_due_x_dbg/core.a(main.cpp.o)
                              c:/users/mw7/appdata/roaming/arduino15/packages/arduino/tools/arm-none-eabi-gcc/4.8.3-2014q1/bin/../lib/gcc/arm-none-eabi/4.8.3/../../../../arm-none-eabi/lib/armv7-m/crt0.o (main)
C:\Users\mw7\AppData\Local\V.Micro\Arduino\Builds\ADC_Stream_Due\arduino_due_x_dbg/core.a(Print.cpp.o)
                              C:\Users\mw7\AppData\Local\V.Micro\Arduino\Builds\ADC_Stream_Due\arduino_due_x_dbg\ADC_Stream_Due.cpp.o (Print::print(String const&))
C:\Users\mw7\AppData\Local\V.Micro\Arduino\Builds\ADC_Stream_Due\arduino_due_x_dbg/core.a(Reset.cpp.o)
                              C:\Users\mw7\AppData\Local\V.Micro\Arduino\Builds\ADC_Stream_Due\arduino_due_x_dbg/core.a(cortex_handlers.c.o) (tickReset)
C:\Users\mw7\AppData\Local\V.Micro\Arduino\Builds\ADC_Stream_Due\arduino_due_x_dbg/core.a(UARTClass.cpp.o)
                              C:\Users\mw7\AppData\Local\V.Micro\Arduino\Builds\ADC_Stream_Due\arduino_due_x_dbg\ADC_Stream_Due.cpp.o (UARTClass::available())
C:\Users\mw7\AppData\Local\V.Micro\Arduino\Builds\ADC_Stream_Due\arduino_due_x_dbg/core.a(WString.cpp.o)
                              C:\Users\mw7\AppData\Local\V.Micro\Arduino\Builds\ADC_Stream_Due\arduino_due_x_dbg\ADC_Stream_Due.cpp.o (String::~String())
C:\Users\mw7\AppData\Local\V.Micro\Arduino\Builds\ADC_Stream_Due\arduino_due_x_dbg/core.a(USBCore.cpp.o)
                              C:\Users\mw7\AppData\Local\V.Micro\Arduino\Builds\ADC_Stream_Due\arduino_due_x_dbg/core.a(main.cpp.o) (USBDevice_::attach())
C:\Users\mw7\AppData\Local\V.Micro\Arduino\Builds\ADC_Stream_Due\arduino_due_x_dbg/core.a(variant.cpp.o)
                              C:\Users\mw7\AppData\Local\V.Micro\Arduino\Builds\ADC_Stream_Due\arduino_due_x_dbg/core.a(main.cpp.o) (init)
C:\Users\mw7\AppData\Local\V.Micro\Arduino\Builds\ADC_Stream_Due\arduino_due_x_dbg/core.a(itoa.c.o)
                              C:\Users\mw7\AppData\Local\V.Micro\Arduino\Builds\ADC_Stream_Due\arduino_due_x_dbg/core.a(WString.cpp.o) (ltoa)
C:\Users\mw7\AppData\Local\V.Micro\Arduino\Builds\ADC_Stream_Due\arduino_due_x_dbg/core.a(dtostrf.c.o)
                              C:\Users\mw7\AppData\Local\V.Micro\Arduino\Builds\ADC_Stream_Due\arduino_due_x_dbg/core.a(WString.cpp.o) (dtostrf)
C:\Users\mw7\AppData\Local\V.Micro\Arduino\Builds\ADC_Stream_Due\arduino_due_x_dbg/core.a(abi.cpp.o)
                              C:\Users\mw7\AppData\Local\V.Micro\Arduino\Builds\ADC_Stream_Due\arduino_due_x_dbg/core.a(Print.cpp.o) (__cxa_pure_virtual)
C:\Users\mw7\AppData\Local\V.Micro\Arduino\Builds\ADC_Stream_Due\arduino_due_x_dbg/core.a(RingBuffer.cpp.o)
                              C:\Users\mw7\AppData\Local\V.Micro\Arduino\Builds\ADC_Stream_Due\arduino_due_x_dbg/core.a(variant.cpp.o) (RingBuffer::RingBuffer())
C:\Users\mw7\AppData\Local\V.Micro\Arduino\Builds\ADC_Stream_Due\arduino_due_x_dbg/core.a(USARTClass.cpp.o)
[...]
Memory Configuration

Name             Origin             Length             Attributes
rom              0x00080000         0x00080000         xr
sram0            0x20000000         0x00010000         xrw
sram1            0x20080000         0x00008000         xrw
ram              0x20070000         0x00018000         xrw
*default*        0x00000000         0xffffffff

Linker script and memory map

LOAD c:/users/mw7/appdata/roaming/arduino15/packages/arduino/tools/arm-none-eabi-gcc/4.8.3-2014q1/bin/../lib/gcc/arm-none-eabi/4.8.3/armv7-m/crti.o
LOAD c:/users/mw7/appdata/roaming/arduino15/packages/arduino/tools/arm-none-eabi-gcc/4.8.3-2014q1/bin/../lib/gcc/arm-none-eabi/4.8.3/armv7-m/crtbegin.o
LOAD c:/users/mw7/appdata/roaming/arduino15/packages/arduino/tools/arm-none-eabi-gcc/4.8.3-2014q1/bin/../lib/gcc/arm-none-eabi/4.8.3/../../../../arm-none-eabi/lib/armv7-m/crt0.o
START GROUP
LOAD C:\Users\mw7\AppData\Local\V.Micro\Arduino\Builds\ADC_Stream_Due\arduino_due_x_dbg/syscalls_sam3.c.o
LOAD C:\Users\mw7\AppData\Local\V.Micro\Arduino\Builds\ADC_Stream_Due\arduino_due_x_dbg\ADC_Stream_Due.cpp.o
LOAD C:\Users\mw7\AppData\Roaming\arduino15\packages\arduino\hardware\sam\1.6.4\variants\arduino_due_x/libsam_sam3x8e_gcc_rel.a
LOAD C:\Users\mw7\AppData\Local\V.Micro\Arduino\Builds\ADC_Stream_Due\arduino_due_x_dbg/core.a
END GROUP
LOAD c:/users/mw7/appdata/roaming/arduino15/packages/arduino/tools/arm-none-eabi-gcc/4.8.3-2014q1/bin/../lib/gcc/arm-none-eabi/4.8.3/../../../../arm-none-eabi/lib/armv7-m\libm.a
START GROUP
LOAD c:/users/mw7/appdata/roaming/arduino15/packages/arduino/tools/arm-none-eabi-gcc/4.8.3-2014q1/bin/../lib/gcc/arm-none-eabi/4.8.3/armv7-m\libgcc.a
LOAD c:/users/mw7/appdata/roaming/arduino15/packages/arduino/tools/arm-none-eabi-gcc/4.8.3-2014q1/bin/../lib/gcc/arm-none-eabi/4.8.3/../../../../arm-none-eabi/lib/armv7-m\libg.a
LOAD c:/users/mw7/appdata/roaming/arduino15/packages/arduino/tools/arm-none-eabi-gcc/4.8.3-2014q1/bin/../lib/gcc/arm-none-eabi/4.8.3/../../../../arm-none-eabi/lib/armv7-m\libc.a
END GROUP
LOAD c:/users/mw7/appdata/roaming/arduino15/packages/arduino/tools/arm-none-eabi-gcc/4.8.3-2014q1/bin/../lib/gcc/arm-none-eabi/4.8.3/armv7-m/crtend.o
LOAD c:/users/mw7/appdata/roaming/arduino15/packages/arduino/tools/arm-none-eabi-gcc/4.8.3-2014q1/bin/../lib/gcc/arm-none-eabi/4.8.3/armv7-m/crtn.o

.text           0x00080000     0x80dc
                0x00080000                . = ALIGN (0x4)
                0x00080000                _sfixed = .
 *(.vectors .vectors.*)
 .vectors       0x00080000       0xf4 C:\Users\mw7\AppData\Roaming\arduino15\packages\arduino\hardware\sam\1.6.4\variants\arduino_due_x/libsam_sam3x8e_gcc_rel.a(startup_sam3xa.o)
                0x00080000                exception_table
 *(.text .text.* .gnu.linkonce.t.*)
 .text          0x000800f4       0x54 c:/users/mw7/appdata/roaming/arduino15/packages/arduino/tools/arm-none-eabi-gcc/4.8.3-2014q1/bin/../lib/gcc/arm-none-eabi/4.8.3/armv7-m/crtbegin.o
 .text._sbrk    0x00080148       0x1c C:\Users\mw7\AppData\Local\V.Micro\Arduino\Builds\ADC_Stream_Due\arduino_due_x_dbg/syscalls_sam3.c.o
                0x00080148                _sbrk
 .text._Z9adcReadA0v
                0x00080164        0x6 C:\Users\mw7\AppData\Local\V.Micro\Arduino\Builds\ADC_Stream_Due\arduino_due_x_dbg\ADC_Stream_Due.cpp.o
                0x00080164                adcReadA0()
 .text._Z9adcReadA1v
                0x0008016a        0x6 C:\Users\mw7\AppData\Local\V.Micro\Arduino\Builds\ADC_Stream_Due\arduino_due_x_dbg\ADC_Stream_Due.cpp.o
                0x0008016a                adcReadA1()
 .text._Z6toVoltil
                0x00080170       0x40 C:\Users\mw7\AppData\Local\V.Micro\Arduino\Builds\ADC_Stream_Due\arduino_due_x_dbg\ADC_Stream_Due.cpp.o
                0x00080170                toVolt(int, long)
 .text._Z9toCurrentil
                0x000801b0       0x3c C:\Users\mw7\AppData\Local\V.Micro\Arduino\Builds\ADC_Stream_Due\arduino_due_x_dbg\ADC_Stream_Due.cpp.o
                0x000801b0                toCurrent(int, long)
 .text._Z25constTimeStringLengthOf10m
                0x000801ec       0x20 C:\Users\mw7\AppData\Local\V.Micro\Arduino\Builds\ADC_Stream_Due\arduino_due_x_dbg\ADC_Stream_Due.cpp.o
                0x000801ec                constTimeStringLengthOf10(unsigned long)
 .text._Z23constRPMStringLengthOf7l
                0x0008020c       0x20 C:\Users\mw7\AppData\Local\V.Micro\Arduino\Builds\ADC_Stream_Due\arduino_due_x_dbg\ADC_Stream_Due.cpp.o
                0x0008020c                constRPMStringLengthOf7(long)
 .text._Z24constVoltStringLengthOf5l
                0x0008022c       0x20 C:\Users\mw7\AppData\Local\V.Micro\Arduino\Builds\ADC_Stream_Due\arduino_due_x_dbg\ADC_Stream_Due.cpp.o
                0x0008022c                constVoltStringLengthOf5(long)
 .text._Z24constCurrStringLengthOf4l
                0x0008024c       0x20 C:\Users\mw7\AppData\Local\V.Micro\Arduino\Builds\ADC_Stream_Due\arduino_due_x_dbg\ADC_Stream_Due.cpp.o
                0x0008024c                constCurrStringLengthOf4(long)
 .text.startup._GLOBAL__sub_I_DEBUG
                0x0008026c       0x60 C:\Users\mw7\AppData\Local\V.Micro\Arduino\Builds\ADC_Stream_Due\arduino_due_x_dbg\ADC_Stream_Due.cpp.o
 .text.setup    0x000802cc       0x30 C:\Users\mw7\AppData\Local\V.Micro\Arduino\Builds\ADC_Stream_Due\arduino_due_x_dbg\ADC_Stream_Due.cpp.o
                0x000802cc                setup
 .text.loop     0x000802fc      0x2a8 C:\Users\mw7\AppData\Local\V.Micro\Arduino\Builds\ADC_Stream_Due\arduino_due_x_dbg\ADC_Stream_Due.cpp.o
                0x000802fc                loop
 .text.Reset_Handler
                0x000805a4       0x70 C:\Users\mw7\AppData\Roaming\arduino15\packages\arduino\hardware\sam\1.6.4\variants\arduino_due_x/libsam_sam3x8e_gcc_rel.a(startup_sam3xa.o)
                0x000805a4                Reset_Handler
 .text.UOTGHS_Handler
                0x00080614       0x10 C:\Users\mw7\AppData\Roaming\arduino15\packages\arduino\hardware\sam\1.6.4\variants\arduino_due_x/libsam_sam3x8e_gcc_rel.a(uotghs.o)
                0x00080614                UOTGHS_Handler
 .text.__halt   0x00080624        0x2 C:\Users\mw7\AppData\Local\V.Micro\Arduino\Builds\ADC_Stream_Due\arduino_due_x_dbg/core.a(cortex_handlers.c.o)
                0x00080624                DACC_Handler
                0x00080624                DebugMon_Handler
                0x00080624                DMAC_Handler
                0x00080624                TRNG_Handler
                0x00080624                HardFault_Handler
                0x00080624                TC2_Handler
                0x00080624                TWI1_Handler
                0x00080624                NMI_Handler
                0x00080624                TC7_Handler
                0x00080624                ADC_Handler
                0x00080624                SMC_Handler
                0x00080624                RTT_Handler
                0x00080624                EFC1_Handler
                0x00080624                PIOB_Handler
                0x00080624                RTC_Handler
                0x00080624                UsageFault_Handler
                0x00080624                TC6_Handler
                0x00080624                WDT_Handler
                0x00080624                CAN0_Handler
                0x00080624                TC4_Handler
                0x00080624                TC1_Handler
                0x00080624                HSMCI_Handler
                0x00080624                TC3_Handler
                0x00080624                TWI0_Handler
                0x00080624                PIOA_Handler
                0x00080624                SSC_Handler
                0x00080624                EFC0_Handler
                0x00080624                PMC_Handler
                0x00080624                PWM_Handler
                0x00080624                CAN1_Handler
                0x00080624                MemManage_Handler
                0x00080624                SUPC_Handler
                0x00080624                TC8_Handler
                0x00080624                USART2_Handler
                0x00080624                PIOD_Handler
                0x00080624                EMAC_Handler
                0x00080624                PIOC_Handler
                0x00080624                BusFault_Handler
                0x00080624                RSTC_Handler
                0x00080624                TC0_Handler
                0x00080624                TC5_Handler
                0x00080624                SPI0_Handler
 .text.SVC_Handler
                0x00080626        0x4 C:\Users\mw7\AppData\Local\V.Micro\Arduino\Builds\ADC_Stream_Due\arduino_due_x_dbg/core.a(cortex_handlers.c.o)
                0x00080626                SVC_Handler
 .text.PendSV_Handler
                0x0008062a        0x4 C:\Users\mw7\AppData\Local\V.Micro\Arduino\Builds\ADC_Stream_Due\arduino_due_x_dbg/core.a(cortex_handlers.c.o)
                0x0008062a                PendSV_Handler
 .text.SysTick_Handler
                0x0008062e       0x16 C:\Users\mw7\AppData\Local\V.Micro\Arduino\Builds\ADC_Stream_Due\arduino_due_x_dbg/core.a(cortex_handlers.c.o)
                0x0008062e                SysTick_Handler
 .text.__empty  0x00080644        0x2 C:\Users\mw7\AppData\Local\V.Micro\Arduino\Builds\ADC_Stream_Due\arduino_due_x_dbg/core.a(hooks.c.o)
                0x00080644                yield
 .text.__false  0x00080646        0x4 C:\Users\mw7\AppData\Local\V.Micro\Arduino\Builds\ADC_Stream_Due\arduino_due_x_dbg/core.a(hooks.c.o)
                0x00080646                sysTickHook
 .text.__halt   0x0008064a        0x2 C:\Users\mw7\AppData\Local\V.Micro\Arduino\Builds\ADC_Stream_Due\arduino_due_x_dbg/core.a(hooks.c.o)
                0x0008064a                svcHook
                0x0008064a                pendSVHook
 .text.micros   0x0008064c       0x74 C:\Users\mw7\AppData\Local\V.Micro\Arduino\Builds\ADC_Stream_Due\arduino_due_x_dbg/core.a(wiring.c.o)
                0x0008064c                micros
 .text.delay    0x000806c0       0x1c C:\Users\mw7\AppData\Local\V.Micro\Arduino\Builds\ADC_Stream_Due\arduino_due_x_dbg/core.a(wiring.c.o)
                0x000806c0                delay
 .text.mapResolution
                0x000806dc       0x12 C:\Users\mw7\AppData\Local\V.Micro\Arduino\Builds\ADC_Stream_Due\arduino_due_x_dbg/core.a(wiring_analog.c.o)
 *fill*         0x000806ee        0x2 
 .text.analogReadResolution
                0x000806f0        0xc C:\Users\mw7\AppData\Local\V.Micro\Arduino\Builds\ADC_Stream_Due\arduino_due_x_dbg/core.a(wiring_analog.c.o)
                0x000806f0                analogReadResolution
 .text.analogRead
                0x000806fc       0x74 C:\Users\mw7\AppData\Local\V.Micro\Arduino\Builds\ADC_Stream_Due\arduino_due_x_dbg/core.a(wiring_analog.c.o)
                0x000806fc                analogRead
 .text.analogOutputInit
                0x00080770       0x14 C:\Users\mw7\AppData\Local\V.Micro\Arduino\Builds\ADC_Stream_Due\arduino_due_x_dbg/core.a(wiring_analog.c.o)
                0x00080770                analogOutputInit
 .text.digitalWrite
                0x00080784       0x48 C:\Users\mw7\AppData\Local\V.Micro\Arduino\Builds\ADC_Stream_Due\arduino_due_x_dbg/core.a(wiring_digital.c.o)
                0x00080784                digitalWrite
 .text.initVariant
                0x000807cc        0x2 C:\Users\mw7\AppData\Local\V.Micro\Arduino\Builds\ADC_Stream_Due\arduino_due_x_dbg/core.a(main.cpp.o)
                0x000807cc                initVariant
 *fill*         0x000807ce        0x2 
 .text.startup.main
                0x000807d0       0x34 C:\Users\mw7\AppData\Local\V.Micro\Arduino\Builds\ADC_Stream_Due\arduino_due_x_dbg/core.a(main.cpp.o)
                0x000807d0                main
 .text._ZN5Print5writeEPKhj
                0x00080804       0x22 C:\Users\mw7\AppData\Local\V.Micro\Arduino\Builds\ADC_Stream_Due\arduino_due_x_dbg/core.a(Print.cpp.o)
                0x00080804                Print::write(unsigned char const*, unsigned int)
 .text._ZN5Print5writeEPKc
                0x00080826       0x1e C:\Users\mw7\AppData\Local\V.Micro\Arduino\Builds\ADC_Stream_Due\arduino_due_x_dbg/core.a(Print.cpp.o)
                0x00080826                Print::write(char const*)
 .text._ZN5Print5printERK6String
                0x00080844       0x10 C:\Users\mw7\AppData\Local\V.Micro\Arduino\Builds\ADC_Stream_Due\arduino_due_x_dbg/core.a(Print.cpp.o)
                0x00080844                Print::print(String const&)
 .text._ZN5Print5printEPKc
                0x00080854        0x8 C:\Users\mw7\AppData\Local\V.Micro\Arduino\Builds\ADC_Stream_Due\arduino_due_x_dbg/core.a(Print.cpp.o)
                0x00080854                Print::print(char const*)
 .text._ZN5Print5printEc
                0x0008085c        0xa C:\Users\mw7\AppData\Local\V.Micro\Arduino\Builds\ADC_Stream_Due\arduino_due_x_dbg/core.a(Print.cpp.o)
                0x0008085c                Print::print(char)
 .text._ZN5Print7printlnEv
                0x00080866       0x18 C:\Users\mw7\AppData\Local\V.Micro\Arduino\Builds\ADC_Stream_Due\arduino_due_x_dbg/core.a(Print.cpp.o)
                0x00080866                Print::println()
 .text._ZN5Print7printlnERK6String
                0x0008087e       0x14 C:\Users\mw7\AppData\Local\V.Micro\Arduino\Builds\ADC_Stream_Due\arduino_due_x_dbg/core.a(Print.cpp.o)
                0x0008087e                Print::println(String const&)
 .text._ZN5Print7printlnEPKc
                0x00080892       0x14 C:\Users\mw7\AppData\Local\V.Micro\Arduino\Builds\ADC_Stream_Due\arduino_due_x_dbg/core.a(Print.cpp.o)
                0x00080892                Print::println(char const*)
 .text._ZN5Print11printNumberEmh
                0x000808a6       0x3c C:\Users\mw7\AppData\Local\V.Micro\Arduino\Builds\ADC_Stream_Due\arduino_due_x_dbg/core.a(Print.cpp.o)
                0x000808a6                Print::printNumber(unsigned long, unsigned char)
 .text._ZN5Print5printEli
                0x000808e2       0x3c C:\Users\mw7\AppData\Local\V.Micro\Arduino\Builds\ADC_Stream_Due\arduino_due_x_dbg/core.a(Print.cpp.o)
                0x000808e2                Print::print(long, int)
 .text._ZN5Print7printlnEii
                0x0008091e       0x14 C:\Users\mw7\AppData\Local\V.Micro\Arduino\Builds\ADC_Stream_Due\arduino_due_x_dbg/core.a(Print.cpp.o)
                0x0008091e                Print::println(int, int)
 .text._ZN5Print5printEmi
                0x00080932       0x18 C:\Users\mw7\AppData\Local\V.Micro\Arduino\Builds\ADC_Stream_Due\arduino_due_x_dbg/core.a(Print.cpp.o)
                0x00080932                Print::print(unsigned long, int)
 .text._ZN5Print7printlnEmi
                0x0008094a       0x14 C:\Users\mw7\AppData\Local\V.Micro\Arduino\Builds\ADC_Stream_Due\arduino_due_x_dbg/core.a(Print.cpp.o)
                0x0008094a                Print::println(unsigned long, int)
 *fill*         0x0008095e        0x2 
 .text.initiateReset
                0x00080960        0xc C:\Users\mw7\AppData\Local\V.Micro\Arduino\Builds\ADC_Stream_Due\arduino_due_x_dbg/core.a(Reset.cpp.o)
                0x00080960                initiateReset
 .text.cancelReset
                0x0008096c       0x10 C:\Users\mw7\AppData\Local\V.Micro\Arduino\Builds\ADC_Stream_Due\arduino_due_x_dbg/core.a(Reset.cpp.o)
                0x0008096c                cancelReset
 .text.tickReset
                0x0008097c       0x20 C:\Users\mw7\AppData\Local\V.Micro\Arduino\Builds\ADC_Stream_Due\arduino_due_x_dbg/core.a(Reset.cpp.o)
                0x0008097c                tickReset
 .text._ZN9UARTClasscvbEv
                0x0008099c        0x4 C:\Users\mw7\AppData\Local\V.Micro\Arduino\Builds\ADC_Stream_Due\arduino_due_x_dbg/core.a(UARTClass.cpp.o)
                0x0008099c                UARTClass::operator bool()
 .text._ZN9UARTClass9availableEv
                0x000809a0       0x12 C:\Users\mw7\AppData\Local\V.Micro\Arduino\Builds\ADC_Stream_Due\arduino_due_x_dbg/core.a(UARTClass.cpp.o)
                0x000809a0                UARTClass::available()
 .text._ZN9UARTClass4peekEv
                0x000809b2       0x1c C:\Users\mw7\AppData\Local\V.Micro\Arduino\Builds\ADC_Stream_Due\arduino_due_x_dbg/core.a(UARTClass.cpp.o)
                0x000809b2                UARTClass::peek()
 .text._ZN9UARTClass4readEv
                0x000809ce       0x2a C:\Users\mw7\AppData\Local\V.Micro\Arduino\Builds\ADC_Stream_Due\arduino_due_x_dbg/core.a(UARTClass.cpp.o)
                0x000809ce                UARTClass::read()
 .text._ZN9UARTClass5flushEv
                0x000809f8       0x18 C:\Users\mw7\AppData\Local\V.Micro\Arduino\Builds\ADC_Stream_Due\arduino_due_x_dbg/core.a(UARTClass.cpp.o)
                0x000809f8                UARTClass::flush()
 .text._ZN9UARTClass5writeEh
                0x00080a10       0x54 C:\Users\mw7\AppData\Local\V.Micro\Arduino\Builds\ADC_Stream_Due\arduino_due_x_dbg/core.a(UARTClass.cpp.o)
                0x00080a10                UARTClass::write(unsigned char)
 .text._ZN9UARTClass3endEv
                0x00080a64       0x3c C:\Users\mw7\AppData\Local\V.Micro\Arduino\Builds\ADC_Stream_Due\arduino_due_x_dbg/core.a(UARTClass.cpp.o)
                0x00080a64                UARTClass::end()
 .text._ZN9UARTClassC2EP4Uart4IRQnmP10RingBufferS4_
                0x00080aa0       0x24 C:\Users\mw7\AppData\Local\V.Micro\Arduino\Builds\ADC_Stream_Due\arduino_due_x_dbg/core.a(UARTClass.cpp.o)
                0x00080aa0                UARTClass::UARTClass(Uart*, IRQn, unsigned long, RingBuffer*, RingBuffer*)
                0x00080aa0                UARTClass::UARTClass(Uart*, IRQn, unsigned long, RingBuffer*, RingBuffer*)
 .text._ZN9UARTClass4initEmm
                0x00080ac4       0x70 C:\Users\mw7\AppData\Local\V.Micro\Arduino\Builds\ADC_Stream_Due\arduino_due_x_dbg/core.a(UARTClass.cpp.o)
                0x00080ac4                UARTClass::init(unsigned long, unsigned long)
 .text._ZN9UARTClass5beginEm
                0x00080b34        0x8 C:\Users\mw7\AppData\Local\V.Micro\Arduino\Builds\ADC_Stream_Due\arduino_due_x_dbg/core.a(UARTClass.cpp.o)
                0x00080b34                UARTClass::begin(unsigned long)
 .text._ZN9UARTClass10IrqHandlerEv
                0x00080b3c       0x5a C:\Users\mw7\AppData\Local\V.Micro\Arduino\Builds\ADC_Stream_Due\arduino_due_x_dbg/core.a(UARTClass.cpp.o)
                0x00080b3c                UARTClass::IrqHandler()
 .text._ZN6StringD2Ev
                0x00080b96        0xe C:\Users\mw7\AppData\Local\V.Micro\Arduino\Builds\ADC_Stream_Due\arduino_due_x_dbg/core.a(WString.cpp.o)
                0x00080b96                String::~String()
                0x00080b96                String::~String()
 .text._ZN6String10invalidateEv
                0x00080ba4       0x16 C:\Users\mw7\AppData\Local\V.Micro\Arduino\Builds\ADC_Stream_Due\arduino_due_x_dbg/core.a(WString.cpp.o)
                0x00080ba4                String::invalidate()
 .text._ZN6String12changeBufferEj
                0x00080bba       0x18 C:\Users\mw7\AppData\Local\V.Micro\Arduino\Builds\ADC_Stream_Due\arduino_due_x_dbg/core.a(WString.cpp.o)
                0x00080bba                String::changeBuffer(unsigned int)
 .text._ZN6String7reserveEj
                0x00080bd2       0x22 C:\Users\mw7\AppData\Local\V.Micro\Arduino\Builds\ADC_Stream_Due\arduino_due_x_dbg/core.a(WString.cpp.o)
                0x00080bd2                String::reserve(unsigned int)
 .text._ZN6String4copyEPKcj
                0x00080bf4       0x26 C:\Users\mw7\AppData\Local\V.Micro\Arduino\Builds\ADC_Stream_Due\arduino_due_x_dbg/core.a(WString.cpp.o)
                0x00080bf4                String::copy(char const*, unsigned int)
 .text._ZN6StringC2EPKc
                0x00080c1a       0x24 C:\Users\mw7\AppData\Local\V.Micro\Arduino\Builds\ADC_Stream_Due\arduino_due_x_dbg/core.a(WString.cpp.o)
                0x00080c1a                String::String(char const*)
                0x00080c1a                String::String(char const*)
 .text._ZN6StringaSERKS_
                0x00080c3e       0x1e C:\Users\mw7\AppData\Local\V.Micro\Arduino\Builds\ADC_Stream_Due\arduino_due_x_dbg/core.a(WString.cpp.o)
                0x00080c3e                String::operator=(String const&)
 .text._ZN6StringaSEPKc
                0x00080c5c       0x22 C:\Users\mw7\AppData\Local\V.Micro\Arduino\Builds\ADC_Stream_Due\arduino_due_x_dbg/core.a(WString.cpp.o)
                0x00080c5c                String::operator=(char const*)
 .text._ZN6String6concatEPKcj
                0x00080c7e       0x2e C:\Users\mw7\AppData\Local\V.Micro\Arduino\Builds\ADC_Stream_Due\arduino_due_x_dbg/core.a(WString.cpp.o)
                0x00080c7e                String::concat(char const*, unsigned int)
 .text._ZN6String6concatEc
                0x00080cac       0x1a C:\Users\mw7\AppData\Local\V.Micro\Arduino\Builds\ADC_Stream_Due\arduino_due_x_dbg/core.a(WString.cpp.o)
                0x00080cac                String::concat(char)
 .text._ZNK6String6equalsEPKc
                0x00080cc6       0x26 C:\Users\mw7\AppData\Local\V.Micro\Arduino\Builds\ADC_Stream_Due\arduino_due_x_dbg/core.a(WString.cpp.o)
                0x00080cc6                String::equals(char const*) const
 .text._ZNK6String9substringEjj
                0x00080cec       0x4c C:\Users\mw7\AppData\Local\V.Micro\Arduino\Builds\ADC_Stream_Due\arduino_due_x_dbg/core.a(WString.cpp.o)
                0x00080cec                String::substring(unsigned int, unsigned int) const
 .text.unlikely._ZL11USB_SendZlpv
                0x00080d38       0x20 C:\Users\mw7\AppData\Local\V.Micro\Arduino\Builds\ADC_Stream_Due\arduino_due_x_dbg/core.a(USBCore.cpp.o)
 .text._Z14USBD_Availablem
                0x00080d58       0x2c C:\Users\mw7\AppData\Local\V.Micro\Arduino\Builds\ADC_Stream_Due\arduino_due_x_dbg/core.a(USBCore.cpp.o)
                0x00080d58                USBD_Available(unsigned long)
 .text._Z9USBD_RecvmPvm
                0x00080d84       0x7c C:\Users\mw7\AppData\Local\V.Micro\Arduino\Builds\ADC_Stream_Due\arduino_due_x_dbg/core.a(USBCore.cpp.o)
                0x00080d84                USBD_Recv(unsigned long, void*, unsigned long)
 .text._Z9USBD_Recvm
                0x00080e00       0x22 C:\Users\mw7\AppData\Local\V.Micro\Arduino\Builds\ADC_Stream_Due\arduino_due_x_dbg/core.a(USBCore.cpp.o)
                0x00080e00                USBD_Recv(unsigned long)
 *fill*         0x00080e22        0x2 
 .text._Z9USBD_SendmPKvm
                0x00080e24       0x4c C:\Users\mw7\AppData\Local\V.Micro\Arduino\Builds\ADC_Stream_Due\arduino_due_x_dbg/core.a(USBCore.cpp.o)
                0x00080e24                USBD_Send(unsigned long, void const*, unsigned long)
 .text._Z16USBD_SendControlhPKvm
                0x00080e70       0x40 C:\Users\mw7\AppData\Local\V.Micro\Arduino\Builds\ADC_Stream_Due\arduino_due_x_dbg/core.a(USBCore.cpp.o)
                0x00080e70                USBD_SendControl(unsigned char, void const*, unsigned long)
 .text.unlikely._ZL24USB_SendStringDescriptorPKhi
                0x00080eb0       0x38 C:\Users\mw7\AppData\Local\V.Micro\Arduino\Builds\ADC_Stream_Due\arduino_due_x_dbg/core.a(USBCore.cpp.o)
 .text._Z16USBD_RecvControlPvm
                0x00080ee8       0x1c C:\Users\mw7\AppData\Local\V.Micro\Arduino\Builds\ADC_Stream_Due\arduino_due_x_dbg/core.a(USBCore.cpp.o)
                0x00080ee8                USBD_RecvControl(void*, unsigned long)
 .text._Z26USBD_ClassInterfaceRequestR5Setup
                0x00080f04       0x14 C:\Users\mw7\AppData\Local\V.Micro\Arduino\Builds\ADC_Stream_Due\arduino_due_x_dbg/core.a(USBCore.cpp.o)
                0x00080f04                USBD_ClassInterfaceRequest(Setup&)
 .text._Z19USBD_SendInterfacesv
                0x00080f18       0x1e C:\Users\mw7\AppData\Local\V.Micro\Arduino\Builds\ADC_Stream_Due\arduino_due_x_dbg/core.a(USBCore.cpp.o)
                0x00080f18                USBD_SendInterfaces()
 .text._Z24USBD_SendOtherInterfacesv
                0x00080f36       0x1e C:\Users\mw7\AppData\Local\V.Micro\Arduino\Builds\ADC_Stream_Due\arduino_due_x_dbg/core.a(USBCore.cpp.o)
                0x00080f36                USBD_SendOtherInterfaces()
 .text._Z10USBD_Flushm
                0x00080f54       0x16 C:\Users\mw7\AppData\Local\V.Micro\Arduino\Builds\ADC_Stream_Due\arduino_due_x_dbg/core.a(USBCore.cpp.o)
                0x00080f54                USBD_Flush(unsigned long)
 *fill*         0x00080f6a        0x2 
 .text._ZN10USBDevice_C2Ev
                0x00080f6c       0x24 C:\Users\mw7\AppData\Local\V.Micro\Arduino\Builds\ADC_Stream_Due\arduino_due_x_dbg/core.a(USBCore.cpp.o)
                0x00080f6c                USBDevice_::USBDevice_()
                0x00080f6c                USBDevice_::USBDevice_()
 .text._ZN10USBDevice_6attachEv
                0x00080f90       0x20 C:\Users\mw7\AppData\Local\V.Micro\Arduino\Builds\ADC_Stream_Due\arduino_due_x_dbg/core.a(USBCore.cpp.o)
                0x00080f90                USBDevice_::attach()
 .text.startup._GLOBAL__sub_I_TxLEDPulse
                0x00080fb0        0xc C:\Users\mw7\AppData\Local\V.Micro\Arduino\Builds\ADC_Stream_Due\arduino_due_x_dbg/core.a(USBCore.cpp.o)
 .text._ZL7USB_ISRv
                0x00080fbc      0x424 C:\Users\mw7\AppData\Local\V.Micro\Arduino\Builds\ADC_Stream_Due\arduino_due_x_dbg/core.a(USBCore.cpp.o)
 .text._Z11serialEventv
                0x000813e0        0x2 C:\Users\mw7\AppData\Local\V.Micro\Arduino\Builds\ADC_Stream_Due\arduino_due_x_dbg/core.a(variant.cpp.o)
                0x000813e0                serialEvent()
 *fill*         0x000813e2        0x2 
 .text.UART_Handler
                0x000813e4        0xc C:\Users\mw7\AppData\Local\V.Micro\Arduino\Builds\ADC_Stream_Due\arduino_due_x_dbg/core.a(variant.cpp.o)
                0x000813e4                UART_Handler
 .text._Z12serialEvent1v
                0x000813f0        0x2 C:\Users\mw7\AppData\Local\V.Micro\Arduino\Builds\ADC_Stream_Due\arduino_due_x_dbg/core.a(variant.cpp.o)
                0x000813f0                serialEvent1()
 .text._Z12serialEvent2v
                0x000813f2        0x2 C:\Users\mw7\AppData\Local\V.Micro\Arduino\Builds\ADC_Stream_Due\arduino_due_x_dbg/core.a(variant.cpp.o)
                0x000813f2                serialEvent2()
 .text._Z12serialEvent3v
                0x000813f4        0x2 C:\Users\mw7\AppData\Local\V.Micro\Arduino\Builds\ADC_Stream_Due\arduino_due_x_dbg/core.a(variant.cpp.o)
                0x000813f4                serialEvent3()
 *fill*         0x000813f6        0x2 
 .text.USART0_Handler
                0x000813f8        0xc C:\Users\mw7\AppData\Local\V.Micro\Arduino\Builds\ADC_Stream_Due\arduino_due_x_dbg/core.a(variant.cpp.o)
                0x000813f8                USART0_Handler
 .text.USART1_Handler
                0x00081404        0xc C:\Users\mw7\AppData\Local\V.Micro\Arduino\Builds\ADC_Stream_Due\arduino_due_x_dbg/core.a(variant.cpp.o)
                0x00081404                USART1_Handler
 .text.USART3_Handler
                0x00081410        0xc C:\Users\mw7\AppData\Local\V.Micro\Arduino\Builds\ADC_Stream_Due\arduino_due_x_dbg/core.a(variant.cpp.o)
                0x00081410                USART3_Handler
 .text.init     0x0008141c      0x130 C:\Users\mw7\AppData\Local\V.Micro\Arduino\Builds\ADC_Stream_Due\arduino_due_x_dbg/core.a(variant.cpp.o)
                0x0008141c                init
 .text.startup._GLOBAL__sub_I_g_APinDescription
                0x0008154c       0xd4 C:\Users\mw7\AppData\Local\V.Micro\Arduino\Builds\ADC_Stream_Due\arduino_due_x_dbg/core.a(variant.cpp.o)
 .text._Z14serialEventRunv
                0x00081620       0x44 C:\Users\mw7\AppData\Local\V.Micro\Arduino\Builds\ADC_Stream_Due\arduino_due_x_dbg/core.a(variant.cpp.o)
                0x00081620                serialEventRun()
 .text._ZN10RingBufferC2Ev
                0x00081664       0x1a C:\Users\mw7\AppData\Local\V.Micro\Arduino\Builds\ADC_Stream_Due\arduino_due_x_dbg/core.a(RingBuffer.cpp.o)
                0x00081664                RingBuffer::RingBuffer()
                0x00081664                RingBuffer::RingBuffer()
 .text._ZN10RingBuffer10store_charEh
                0x0008167e       0x1e C:\Users\mw7\AppData\Local\V.Micro\Arduino\Builds\ADC_Stream_Due\arduino_due_x_dbg/core.a(RingBuffer.cpp.o)
                0x0008167e                RingBuffer::store_char(unsigned char)
 .text._ZN10USARTClass5beginEm
                0x0008169c        0x8 C:\Users\mw7\AppData\Local\V.Micro\Arduino\Builds\ADC_Stream_Due\arduino_due_x_dbg/core.a(USARTClass.cpp.o)
                0x0008169c                USARTClass::begin(unsigned long)
 .text._ZN10USARTClassC2EP5Usart4IRQnmP10RingBufferS4_
                0x000816a4       0x24 C:\Users\mw7\AppData\Local\V.Micro\Arduino\Builds\ADC_Stream_Due\arduino_due_x_dbg/core.a(USARTClass.cpp.o)
                0x000816a4                USARTClass::USARTClass(Usart*, IRQn, unsigned long, RingBuffer*, RingBuffer*)
                0x000816a4                USARTClass::USARTClass(Usart*, IRQn, unsigned long, RingBuffer*, RingBuffer*)
 .text._ZN7Serial_9availableEv
                0x000816c8       0x18 C:\Users\mw7\AppData\Local\V.Micro\Arduino\Builds\ADC_Stream_Due\arduino_due_x_dbg/core.a(CDC.cpp.o)
                0x000816c8                Serial_::available()
 .text._ZN7Serial_4peekEv
                0x000816e0       0x20 C:\Users\mw7\AppData\Local\V.Micro\Arduino\Builds\ADC_Stream_Due\arduino_due_x_dbg/core.a(CDC.cpp.o)
                0x000816e0                Serial_::peek()
 .text._ZN7Serial_5writeEh
                0x00081700       0x16 C:\Users\mw7\AppData\Local\V.Micro\Arduino\Builds\ADC_Stream_Due\arduino_due_x_dbg/core.a(CDC.cpp.o)
                0x00081700                Serial_::write(unsigned char)
 *fill*         0x00081716        0x2 
 .text._ZN7Serial_4readEv
                0x00081718       0x44 C:\Users\mw7\AppData\Local\V.Micro\Arduino\Builds\ADC_Stream_Due\arduino_due_x_dbg/core.a(CDC.cpp.o)
                0x00081718                Serial_::read()
 .text._ZN7Serial_5flushEv
                0x0008175c        0x6 C:\Users\mw7\AppData\Local\V.Micro\Arduino\Builds\ADC_Stream_Due\arduino_due_x_dbg/core.a(CDC.cpp.o)
                0x0008175c                Serial_::flush()
 *fill*         0x00081762        0x2 
 .text._ZN7Serial_6acceptEv
                0x00081764       0x70 C:\Users\mw7\AppData\Local\V.Micro\Arduino\Builds\ADC_Stream_Due\arduino_due_x_dbg/core.a(CDC.cpp.o)
                0x00081764                Serial_::accept()
 .text._ZN7Serial_5writeEPKhj
                0x000817d4       0x2c C:\Users\mw7\AppData\Local\V.Micro\Arduino\Builds\ADC_Stream_Due\arduino_due_x_dbg/core.a(CDC.cpp.o)
                0x000817d4                Serial_::write(unsigned char const*, unsigned int)
 .text._Z16CDC_GetInterfacePh
                0x00081800       0x14 C:\Users\mw7\AppData\Local\V.Micro\Arduino\Builds\ADC_Stream_Due\arduino_due_x_dbg/core.a(CDC.cpp.o)
                0x00081800                CDC_GetInterface(unsigned char*)
 .text._Z21CDC_GetOtherInterfacePh
                0x00081814       0x14 C:\Users\mw7\AppData\Local\V.Micro\Arduino\Builds\ADC_Stream_Due\arduino_due_x_dbg/core.a(CDC.cpp.o)
                0x00081814                CDC_GetOtherInterface(unsigned char*)
 .text._Z9CDC_SetupR5Setup
                0x00081828       0x64 C:\Users\mw7\AppData\Local\V.Micro\Arduino\Builds\ADC_Stream_Due\arduino_due_x_dbg/core.a(CDC.cpp.o)
                0x00081828                CDC_Setup(Setup&)
 .text.startup._GLOBAL__sub_I_cdc_rx_buffer
                0x0008188c       0x1c C:\Users\mw7\AppData\Local\V.Micro\Arduino\Builds\ADC_Stream_Due\arduino_due_x_dbg/core.a(CDC.cpp.o)
 .text._ZN9Keyboard_5writeEh
                0x000818a8       0x1c C:\Users\mw7\AppData\Local\V.Micro\Arduino\Builds\ADC_Stream_Due\arduino_due_x_dbg/core.a(HID.cpp.o)
                0x000818a8                Keyboard_::write(unsigned char)
 .text._Z16HID_GetInterfacePh
                0x000818c4       0x14 C:\Users\mw7\AppData\Local\V.Micro\Arduino\Builds\ADC_Stream_Due\arduino_due_x_dbg/core.a(HID.cpp.o)
                0x000818c4                HID_GetInterface(unsigned char*)
 .text._Z17HID_GetDescriptori
                0x000818d8       0x10 C:\Users\mw7\AppData\Local\V.Micro\Arduino\Builds\ADC_Stream_Due\arduino_due_x_dbg/core.a(HID.cpp.o)
                0x000818d8                HID_GetDescriptor(int)
 .text._Z14HID_SendReporthPKvm
                0x000818e8       0x2e C:\Users\mw7\AppData\Local\V.Micro\Arduino\Builds\ADC_Stream_Due\arduino_due_x_dbg/core.a(HID.cpp.o)
                0x000818e8                HID_SendReport(unsigned char, void const*, unsigned long)
 *fill*         0x00081916        0x2 
 .text._Z9HID_SetupR5Setup
                0x00081918       0x40 C:\Users\mw7\AppData\Local\V.Micro\Arduino\Builds\ADC_Stream_Due\arduino_due_x_dbg/core.a(HID.cpp.o)
                0x00081918                HID_Setup(Setup&)
 .text._ZN9Keyboard_10sendReportEP9KeyReport
                0x00081958        0xc C:\Users\mw7\AppData\Local\V.Micro\Arduino\Builds\ADC_Stream_Due\arduino_due_x_dbg/core.a(HID.cpp.o)
                0x00081958                Keyboard_::sendReport(KeyReport*)
 .text._ZN9Keyboard_5pressEh
                0x00081964       0x88 C:\Users\mw7\AppData\Local\V.Micro\Arduino\Builds\ADC_Stream_Due\arduino_due_x_dbg/core.a(HID.cpp.o)
                0x00081964                Keyboard_::press(unsigned char)
 .text._ZN9Keyboard_7releaseEh
                0x000819ec       0x64 C:\Users\mw7\AppData\Local\V.Micro\Arduino\Builds\ADC_Stream_Due\arduino_due_x_dbg/core.a(HID.cpp.o)
                0x000819ec                Keyboard_::release(unsigned char)
 .text._ZN9Keyboard_10releaseAllEv
                0x00081a50       0x18 C:\Users\mw7\AppData\Local\V.Micro\Arduino\Builds\ADC_Stream_Due\arduino_due_x_dbg/core.a(HID.cpp.o)
                0x00081a50                Keyboard_::releaseAll()
 .text.startup._GLOBAL__sub_I_Mouse
                0x00081a68       0x1c C:\Users\mw7\AppData\Local\V.Micro\Arduino\Builds\ADC_Stream_Due\arduino_due_x_dbg/core.a(HID.cpp.o)
 .text.PIO_DisableInterrupt
                0x00081a84        0x4 C:\Users\mw7\AppData\Roaming\arduino15\packages\arduino\hardware\sam\1.6.4\variants\arduino_due_x/libsam_sam3x8e_gcc_rel.a(pio.o)
                0x00081a84                PIO_DisableInterrupt
 .text.PIO_PullUp
                0x00081a88        0xa C:\Users\mw7\AppData\Roaming\arduino15\packages\arduino\hardware\sam\1.6.4\variants\arduino_due_x/libsam_sam3x8e_gcc_rel.a(pio.o)
                0x00081a88                PIO_PullUp
 .text.PIO_SetPeripheral
                0x00081a92       0x2a C:\Users\mw7\AppData\Roaming\arduino15\packages\arduino\hardware\sam\1.6.4\variants\arduino_due_x/libsam_sam3x8e_gcc_rel.a(pio.o)
                0x00081a92                PIO_SetPeripheral
 .text.PIO_SetInput
                0x00081abc       0x40 C:\Users\mw7\AppData\Roaming\arduino15\packages\arduino\hardware\sam\1.6.4\variants\arduino_due_x/libsam_sam3x8e_gcc_rel.a(pio.o)
                0x00081abc                PIO_SetInput
 .text.PIO_SetOutput
                0x00081afc       0x38 C:\Users\mw7\AppData\Roaming\arduino15\packages\arduino\hardware\sam\1.6.4\variants\arduino_due_x/libsam_sam3x8e_gcc_rel.a(pio.o)
                0x00081afc                PIO_SetOutput
 .text.PIO_Configure
                0x00081b34       0x74 C:\Users\mw7\AppData\Roaming\arduino15\packages\arduino\hardware\sam\1.6.4\variants\arduino_due_x/libsam_sam3x8e_gcc_rel.a(pio.o)
                0x00081b34                PIO_Configure
 .text.PIO_GetOutputDataStatus
                0x00081ba8       0x16 C:\Users\mw7\AppData\Roaming\arduino15\packages\arduino\hardware\sam\1.6.4\variants\arduino_due_x/libsam_sam3x8e_gcc_rel.a(pio.o)
                0x00081ba8                PIO_GetOutputDataStatus
 *fill*         0x00081bbe        0x2 
 .text.pmc_enable_upll_clock
                0x00081bc0       0x18 C:\Users\mw7\AppData\Roaming\arduino15\packages\arduino\hardware\sam\1.6.4\variants\arduino_due_x/libsam_sam3x8e_gcc_rel.a(pmc.o)
                0x00081bc0                pmc_enable_upll_clock
 .text.pmc_enable_periph_clk
                0x00081bd8       0x48 C:\Users\mw7\AppData\Roaming\arduino15\packages\arduino\hardware\sam\1.6.4\variants\arduino_due_x/libsam_sam3x8e_gcc_rel.a(pmc.o)
                0x00081bd8                pmc_enable_periph_clk
 .text.pmc_disable_periph_clk
                0x00081c20       0x48 C:\Users\mw7\AppData\Roaming\arduino15\packages\arduino\hardware\sam\1.6.4\variants\arduino_due_x/libsam_sam3x8e_gcc_rel.a(pmc.o)
                0x00081c20                pmc_disable_periph_clk
 .text.pmc_switch_udpck_to_upllck
                0x00081c68       0x14 C:\Users\mw7\AppData\Roaming\arduino15\packages\arduino\hardware\sam\1.6.4\variants\arduino_due_x/libsam_sam3x8e_gcc_rel.a(pmc.o)
                0x00081c68                pmc_switch_udpck_to_upllck
 .text.pmc_enable_udpck
                0x00081c7c        0xc C:\Users\mw7\AppData\Roaming\arduino15\packages\arduino\hardware\sam\1.6.4\variants\arduino_due_x/libsam_sam3x8e_gcc_rel.a(pmc.o)
                0x00081c7c                pmc_enable_udpck
 .text.TimeTick_Increment
                0x00081c88       0x10 C:\Users\mw7\AppData\Roaming\arduino15\packages\arduino\hardware\sam\1.6.4\variants\arduino_due_x/libsam_sam3x8e_gcc_rel.a(timetick.o)
                0x00081c88                TimeTick_Increment
 .text.GetTickCount
                0x00081c98        0xc C:\Users\mw7\AppData\Roaming\arduino15\packages\arduino\hardware\sam\1.6.4\variants\arduino_due_x/libsam_sam3x8e_gcc_rel.a(timetick.o)
                0x00081c98                GetTickCount
 .text.WDT_Disable
                0x00081ca4        0x8 C:\Users\mw7\AppData\Roaming\arduino15\packages\arduino\hardware\sam\1.6.4\variants\arduino_due_x/libsam_sam3x8e_gcc_rel.a(wdt.o)
                0x00081ca4                WDT_Disable
 .text.SystemInit
                0x00081cac       0x9c C:\Users\mw7\AppData\Roaming\arduino15\packages\arduino\hardware\sam\1.6.4\variants\arduino_due_x/libsam_sam3x8e_gcc_rel.a(system_sam3xa.o)
                0x00081cac                SystemInit
 .text.adc_init
                0x00081d48       0xa0 C:\Users\mw7\AppData\Roaming\arduino15\packages\arduino\hardware\sam\1.6.4\variants\arduino_due_x/libsam_sam3x8e_gcc_rel.a(adc.o)
                0x00081d48                adc_init
 .text.adc_configure_trigger
                0x00081de8       0x10 C:\Users\mw7\AppData\Roaming\arduino15\packages\arduino\hardware\sam\1.6.4\variants\arduino_due_x/libsam_sam3x8e_gcc_rel.a(adc.o)
                0x00081de8                adc_configure_trigger
 .text.adc_configure_timing
                0x00081df8       0x1a C:\Users\mw7\AppData\Roaming\arduino15\packages\arduino\hardware\sam\1.6.4\variants\arduino_due_x/libsam_sam3x8e_gcc_rel.a(adc.o)
                0x00081df8                adc_configure_timing
 .text.adc_start
                0x00081e12        0x6 C:\Users\mw7\AppData\Roaming\arduino15\packages\arduino\hardware\sam\1.6.4\variants\arduino_due_x/libsam_sam3x8e_gcc_rel.a(adc.o)
                0x00081e12                adc_start
 .text.adc_enable_channel
                0x00081e18        0x8 C:\Users\mw7\AppData\Roaming\arduino15\packages\arduino\hardware\sam\1.6.4\variants\arduino_due_x/libsam_sam3x8e_gcc_rel.a(adc.o)
                0x00081e18                adc_enable_channel
 .text.adc_disable_channel
                0x00081e20        0x8 C:\Users\mw7\AppData\Roaming\arduino15\packages\arduino\hardware\sam\1.6.4\variants\arduino_due_x/libsam_sam3x8e_gcc_rel.a(adc.o)
                0x00081e20                adc_disable_channel
 .text.adc_disable_all_channel
                0x00081e28        0x8 C:\Users\mw7\AppData\Roaming\arduino15\packages\arduino\hardware\sam\1.6.4\variants\arduino_due_x/libsam_sam3x8e_gcc_rel.a(adc.o)
                0x00081e28                adc_disable_all_channel
 .text.adc_get_latest_value
                0x00081e30        0x4 C:\Users\mw7\AppData\Roaming\arduino15\packages\arduino\hardware\sam\1.6.4\variants\arduino_due_x/libsam_sam3x8e_gcc_rel.a(adc.o)
                0x00081e30                adc_get_latest_value
 .text.adc_disable_interrupt
                0x00081e34        0x4 C:\Users\mw7\AppData\Roaming\arduino15\packages\arduino\hardware\sam\1.6.4\variants\arduino_due_x/libsam_sam3x8e_gcc_rel.a(adc.o)
                0x00081e34                adc_disable_interrupt
 .text.adc_get_status
                0x00081e38        0x4 C:\Users\mw7\AppData\Roaming\arduino15\packages\arduino\hardware\sam\1.6.4\variants\arduino_due_x/libsam_sam3x8e_gcc_rel.a(adc.o)
                0x00081e38                adc_get_status
 .text.UDD_SetStack
                0x00081e3c        0xc C:\Users\mw7\AppData\Roaming\arduino15\packages\arduino\hardware\sam\1.6.4\variants\arduino_due_x/libsam_sam3x8e_gcc_rel.a(uotghs_device.o)
                0x00081e3c                UDD_SetStack
 .text.UDD_Init
                0x00081e48       0xd0 C:\Users\mw7\AppData\Roaming\arduino15\packages\arduino\hardware\sam\1.6.4\variants\arduino_due_x/libsam_sam3x8e_gcc_rel.a(uotghs_device.o)
                0x00081e48                UDD_Init
 .text.UDD_Attach
                0x00081f18       0x4c C:\Users\mw7\AppData\Roaming\arduino15\packages\arduino\hardware\sam\1.6.4\variants\arduino_due_x/libsam_sam3x8e_gcc_rel.a(uotghs_device.o)
                0x00081f18                UDD_Attach
 .text.UDD_InitEP
                0x00081f64       0x30 C:\Users\mw7\AppData\Roaming\arduino15\packages\arduino\hardware\sam\1.6.4\variants\arduino_due_x/libsam_sam3x8e_gcc_rel.a(uotghs_device.o)
                0x00081f64                UDD_InitEP
 .text.UDD_InitEndpoints
                0x00081f94       0x3c C:\Users\mw7\AppData\Roaming\arduino15\packages\arduino\hardware\sam\1.6.4\variants\arduino_due_x/libsam_sam3x8e_gcc_rel.a(uotghs_device.o)
                0x00081f94                UDD_InitEndpoints
 .text.UDD_WaitIN
                0x00081fd0       0x14 C:\Users\mw7\AppData\Roaming\arduino15\packages\arduino\hardware\sam\1.6.4\variants\arduino_due_x/libsam_sam3x8e_gcc_rel.a(uotghs_device.o)
                0x00081fd0                UDD_WaitIN
 .text.UDD_WaitOUT
                0x00081fe4       0x14 C:\Users\mw7\AppData\Roaming\arduino15\packages\arduino\hardware\sam\1.6.4\variants\arduino_due_x/libsam_sam3x8e_gcc_rel.a(uotghs_device.o)
                0x00081fe4                UDD_WaitOUT
 .text.UDD_ClearIN
                0x00081ff8       0x18 C:\Users\mw7\AppData\Roaming\arduino15\packages\arduino\hardware\sam\1.6.4\variants\arduino_due_x/libsam_sam3x8e_gcc_rel.a(uotghs_device.o)
                0x00081ff8                UDD_ClearIN
 .text.UDD_ClearOUT
                0x00082010       0x18 C:\Users\mw7\AppData\Roaming\arduino15\packages\arduino\hardware\sam\1.6.4\variants\arduino_due_x/libsam_sam3x8e_gcc_rel.a(uotghs_device.o)
                0x00082010                UDD_ClearOUT
 .text.UDD_ReceivedSetupInt
                0x00082028       0x10 C:\Users\mw7\AppData\Roaming\arduino15\packages\arduino\hardware\sam\1.6.4\variants\arduino_due_x/libsam_sam3x8e_gcc_rel.a(uotghs_device.o)
                0x00082028                UDD_ReceivedSetupInt
 .text.UDD_ClearSetupInt
                0x00082038       0x10 C:\Users\mw7\AppData\Roaming\arduino15\packages\arduino\hardware\sam\1.6.4\variants\arduino_due_x/libsam_sam3x8e_gcc_rel.a(uotghs_device.o)
                0x00082038                UDD_ClearSetupInt
 .text.UDD_Send
                0x00082048       0x90 C:\Users\mw7\AppData\Roaming\arduino15\packages\arduino\hardware\sam\1.6.4\variants\arduino_due_x/libsam_sam3x8e_gcc_rel.a(uotghs_device.o)
                0x00082048                UDD_Send
 .text.UDD_Send8
                0x000820d8       0x28 C:\Users\mw7\AppData\Roaming\arduino15\packages\arduino\hardware\sam\1.6.4\variants\arduino_due_x/libsam_sam3x8e_gcc_rel.a(uotghs_device.o)
                0x000820d8                UDD_Send8
 .text.UDD_Recv8
                0x00082100       0x28 C:\Users\mw7\AppData\Roaming\arduino15\packages\arduino\hardware\sam\1.6.4\variants\arduino_due_x/libsam_sam3x8e_gcc_rel.a(uotghs_device.o)
                0x00082100                UDD_Recv8
 .text.UDD_Recv
                0x00082128       0x34 C:\Users\mw7\AppData\Roaming\arduino15\packages\arduino\hardware\sam\1.6.4\variants\arduino_due_x/libsam_sam3x8e_gcc_rel.a(uotghs_device.o)
                0x00082128                UDD_Recv
 .text.UDD_Stall
                0x0008215c       0x14 C:\Users\mw7\AppData\Roaming\arduino15\packages\arduino\hardware\sam\1.6.4\variants\arduino_due_x/libsam_sam3x8e_gcc_rel.a(uotghs_device.o)
                0x0008215c                UDD_Stall
 .text.UDD_FifoByteCount
                0x00082170       0x1c C:\Users\mw7\AppData\Roaming\arduino15\packages\arduino\hardware\sam\1.6.4\variants\arduino_due_x/libsam_sam3x8e_gcc_rel.a(uotghs_device.o)
                0x00082170                UDD_FifoByteCount
 .text.UDD_ReleaseRX
                0x0008218c       0x2c C:\Users\mw7\AppData\Roaming\arduino15\packages\arduino\hardware\sam\1.6.4\variants\arduino_due_x/libsam_sam3x8e_gcc_rel.a(uotghs_device.o)
                0x0008218c                UDD_ReleaseRX
 .text.UDD_ReleaseTX
                0x000821b8       0x2c C:\Users\mw7\AppData\Roaming\arduino15\packages\arduino\hardware\sam\1.6.4\variants\arduino_due_x/libsam_sam3x8e_gcc_rel.a(uotghs_device.o)
                0x000821b8                UDD_ReleaseTX
 .text.UDD_SetAddress
                0x000821e4       0x20 C:\Users\mw7\AppData\Roaming\arduino15\packages\arduino\hardware\sam\1.6.4\variants\arduino_due_x/libsam_sam3x8e_gcc_rel.a(uotghs_device.o)
                0x000821e4                UDD_SetAddress
 .text.__fpclassifyd
                0x00082204       0x50 c:/users/mw7/appdata/roaming/arduino15/packages/arduino/tools/arm-none-eabi-gcc/4.8.3-2014q1/bin/../lib/gcc/arm-none-eabi/4.8.3/../../../../arm-none-eabi/lib/armv7-m\libm.a(lib_a-s_fpclassify.o)
                0x00082204                __fpclassifyd
 .text          0x00082254      0x370 c:/users/mw7/appdata/roaming/arduino15/packages/arduino/tools/arm-none-eabi-gcc/4.8.3-2014q1/bin/../lib/gcc/arm-none-eabi/4.8.3/armv7-m\libgcc.a(_arm_addsubdf3.o)
                0x00082254                __aeabi_drsub
                0x0008225c                __aeabi_dsub
                0x0008225c                __subdf3
                0x00082260                __aeabi_dadd
                0x00082260                __adddf3
                0x000824d8                __floatunsidf
                0x000824d8                __aeabi_ui2d
                0x000824f8                __floatsidf
                0x000824f8                __aeabi_i2d
                0x0008251c                __aeabi_f2d
                0x0008251c                __extendsfdf2
                0x00082558                __floatundidf
                0x00082558                __aeabi_ul2d
                0x00082568                __floatdidf
                0x00082568                __aeabi_l2d
 .text          0x000825c4      0x424 c:/users/mw7/appdata/roaming/arduino15/packages/arduino/tools/arm-none-eabi-gcc/4.8.3-2014q1/bin/../lib/gcc/arm-none-eabi/4.8.3/armv7-m\libgcc.a(_arm_muldivdf3.o)
                0x000825c4                __aeabi_dmul
                0x000825c4                __muldf3
                0x00082818                __divdf3
                0x00082818                __aeabi_ddiv
 .text          0x000829e8      0x110 c:/users/mw7/appdata/roaming/arduino15/packages/arduino/tools/arm-none-eabi-gcc/4.8.3-2014q1/bin/../lib/gcc/arm-none-eabi/4.8.3/armv7-m\libgcc.a(_arm_cmpdf2.o)
                0x000829e8                __gtdf2
                0x000829e8                __gedf2
                0x000829f0                __ltdf2
                0x000829f0                __ledf2
                0x000829f8                __nedf2
                0x000829f8                __eqdf2
                0x000829f8                __cmpdf2
                0x00082a74                __aeabi_cdrcmple
                0x00082a84                __aeabi_cdcmpeq
                0x00082a84                __aeabi_cdcmple
                0x00082a94                __aeabi_dcmpeq
                0x00082aa8                __aeabi_dcmplt
                0x00082abc                __aeabi_dcmple
                0x00082ad0                __aeabi_dcmpge
                0x00082ae4                __aeabi_dcmpgt
 .text          0x00082af8       0x50 c:/users/mw7/appdata/roaming/arduino15/packages/arduino/tools/arm-none-eabi-gcc/4.8.3-2014q1/bin/../lib/gcc/arm-none-eabi/4.8.3/armv7-m\libgcc.a(_arm_fixdfsi.o)
                0x00082af8                __aeabi_d2iz
                0x00082af8                __fixdfsi
 .text.__aeabi_atexit
                0x00082b48        0xc c:/users/mw7/appdata/roaming/arduino15/packages/arduino/tools/arm-none-eabi-gcc/4.8.3-2014q1/bin/../lib/gcc/arm-none-eabi/4.8.3/../../../../arm-none-eabi/lib/armv7-m\libg.a(lib_a-aeabi_atexit.o)
                0x00082b48                __aeabi_atexit
 .text.__cxa_atexit
                0x00082b54       0x14 c:/users/mw7/appdata/roaming/arduino15/packages/arduino/tools/arm-none-eabi-gcc/4.8.3-2014q1/bin/../lib/gcc/arm-none-eabi/4.8.3/../../../../arm-none-eabi/lib/armv7-m\libg.a(lib_a-cxa_atexit.o)
                0x00082b54                __cxa_atexit
 .text.__libc_init_array
                0x00082b68       0x50 c:/users/mw7/appdata/roaming/arduino15/packages/arduino/tools/arm-none-eabi-gcc/4.8.3-2014q1/bin/../lib/gcc/arm-none-eabi/4.8.3/../../../../arm-none-eabi/lib/armv7-m\libg.a(lib_a-init.o)
                0x00082b68                __libc_init_array
 .text.malloc   0x00082bb8       0x10 c:/users/mw7/appdata/roaming/arduino15/packages/arduino/tools/arm-none-eabi-gcc/4.8.3-2014q1/bin/../lib/gcc/arm-none-eabi/4.8.3/../../../../arm-none-eabi/lib/armv7-m\libg.a(lib_a-malloc.o)
                0x00082bb8                malloc
 .text.free     0x00082bc8       0x10 c:/users/mw7/appdata/roaming/arduino15/packages/arduino/tools/arm-none-eabi-gcc/4.8.3-2014q1/bin/../lib/gcc/arm-none-eabi/4.8.3/../../../../arm-none-eabi/lib/armv7-m\libg.a(lib_a-malloc.o)
                0x00082bc8                free
 .text._malloc_r
                0x00082bd8      0x538 c:/users/mw7/appdata/roaming/arduino15/packages/arduino/tools/arm-none-eabi-gcc/4.8.3-2014q1/bin/../lib/gcc/arm-none-eabi/4.8.3/../../../../arm-none-eabi/lib/armv7-m\libg.a(lib_a-mallocr.o)
                0x00082bd8                _malloc_r
 .text          0x00083110       0xec c:/users/mw7/appdata/roaming/arduino15/packages/arduino/tools/arm-none-eabi-gcc/4.8.3-2014q1/bin/../lib/gcc/arm-none-eabi/4.8.3/../../../../arm-none-eabi/lib/armv7-m\libg.a(lib_a-memcpy.o)
                0x00083110                memcpy
 .text.memmove  0x000831fc       0xcc c:/users/mw7/appdata/roaming/arduino15/packages/arduino/tools/arm-none-eabi-gcc/4.8.3-2014q1/bin/../lib/gcc/arm-none-eabi/4.8.3/../../../../arm-none-eabi/lib/armv7-m\libg.a(lib_a-memmove.o)
                0x000831fc                memmove
 .text.memset   0x000832c8       0x94 c:/users/mw7/appdata/roaming/arduino15/packages/arduino/tools/arm-none-eabi-gcc/4.8.3-2014q1/bin/../lib/gcc/arm-none-eabi/4.8.3/../../../../arm-none-eabi/lib/armv7-m\libg.a(lib_a-memset.o)
                0x000832c8                memset
 .text.__malloc_lock
                0x0008335c        0x4 c:/users/mw7/appdata/roaming/arduino15/packages/arduino/tools/arm-none-eabi-gcc/4.8.3-2014q1/bin/../lib/gcc/arm-none-eabi/4.8.3/../../../../arm-none-eabi/lib/armv7-m\libg.a(lib_a-mlock.o)
                0x0008335c                __malloc_lock
 .text.__malloc_unlock
                0x00083360        0x4 c:/users/mw7/appdata/roaming/arduino15/packages/arduino/tools/arm-none-eabi-gcc/4.8.3-2014q1/bin/../lib/gcc/arm-none-eabi/4.8.3/../../../../arm-none-eabi/lib/armv7-m\libg.a(lib_a-mlock.o)
                0x00083360                __malloc_unlock
 .text.realloc  0x00083364       0x10 c:/users/mw7/appdata/roaming/arduino15/packages/arduino/tools/arm-none-eabi-gcc/4.8.3-2014q1/bin/../lib/gcc/arm-none-eabi/4.8.3/../../../../arm-none-eabi/lib/armv7-m\libg.a(lib_a-realloc.o)
                0x00083364                realloc
 .text._realloc_r
                0x00083374      0x3c0 c:/users/mw7/appdata/roaming/arduino15/packages/arduino/tools/arm-none-eabi-gcc/4.8.3-2014q1/bin/../lib/gcc/arm-none-eabi/4.8.3/../../../../arm-none-eabi/lib/armv7-m\libg.a(lib_a-reallocr.o)
                0x00083374                _realloc_r
 .text._sbrk_r  0x00083734       0x24 c:/users/mw7/appdata/roaming/arduino15/packages/arduino/tools/arm-none-eabi-gcc/4.8.3-2014q1/bin/../lib/gcc/arm-none-eabi/4.8.3/../../../../arm-none-eabi/lib/armv7-m\libg.a(lib_a-sbrkr.o)
                0x00083734                _sbrk_r
 .text.sprintf  0x00083758       0x4c c:/users/mw7/appdata/roaming/arduino15/packages/arduino/tools/arm-none-eabi-gcc/4.8.3-2014q1/bin/../lib/gcc/arm-none-eabi/4.8.3/../../../../arm-none-eabi/lib/armv7-m\libg.a(lib_a-sprintf.o)
                0x00083758                sprintf
 .text          0x000837a4      0x23c c:/users/mw7/appdata/roaming/arduino15/packages/arduino/tools/arm-none-eabi-gcc/4.8.3-2014q1/bin/../lib/gcc/arm-none-eabi/4.8.3/../../../../arm-none-eabi/lib/armv7-m\libg.a(lib_a-strcmp.o)
                0x000837a4                strcmp
 .text.strcpy   0x000839e0       0xbc c:/users/mw7/appdata/roaming/arduino15/packages/arduino/tools/arm-none-eabi-gcc/4.8.3-2014q1/bin/../lib/gcc/arm-none-eabi/4.8.3/../../../../arm-none-eabi/lib/armv7-m\libg.a(lib_a-strcpy.o)
                0x000839e0                strcpy
 .text.strlen   0x00083a9c       0x60 c:/users/mw7/appdata/roaming/arduino15/packages/arduino/tools/arm-none-eabi-gcc/4.8.3-2014q1/bin/../lib/gcc/arm-none-eabi/4.8.3/../../../../arm-none-eabi/lib/armv7-m\libg.a(lib_a-strlen.o)
                0x00083a9c                strlen
 .text._svfprintf_r
                0x00083afc     0x14e0 c:/users/mw7/appdata/roaming/arduino15/packages/arduino/tools/arm-none-eabi-gcc/4.8.3-2014q1/bin/../lib/gcc/arm-none-eabi/4.8.3/../../../../arm-none-eabi/lib/armv7-m\libg.a(lib_a-svfprintf.o)
                0x00083afc                _svfprintf_r
 .text.__register_exitproc
                0x00084fdc       0xa8 c:/users/mw7/appdata/roaming/arduino15/packages/arduino/tools/arm-none-eabi-gcc/4.8.3-2014q1/bin/../lib/gcc/arm-none-eabi/4.8.3/../../../../arm-none-eabi/lib/armv7-m\libg.a(lib_a-__atexit.o)
                0x00084fdc                __register_exitproc
 .text.startup.register_fini
                0x00085084       0x14 c:/users/mw7/appdata/roaming/arduino15/packages/arduino/tools/arm-none-eabi-gcc/4.8.3-2014q1/bin/../lib/gcc/arm-none-eabi/4.8.3/../../../../arm-none-eabi/lib/armv7-m\libg.a(lib_a-__call_atexit.o)
 .text.atexit   0x00085098        0xc c:/users/mw7/appdata/roaming/arduino15/packages/arduino/tools/arm-none-eabi-gcc/4.8.3-2014q1/bin/../lib/gcc/arm-none-eabi/4.8.3/../../../../arm-none-eabi/lib/armv7-m\libg.a(lib_a-atexit.o)
                0x00085098                atexit
 .text.quorem   0x000850a4      0x134 c:/users/mw7/appdata/roaming/arduino15/packages/arduino/tools/arm-none-eabi-gcc/4.8.3-2014q1/bin/../lib/gcc/arm-none-eabi/4.8.3/../../../../arm-none-eabi/lib/armv7-m\libg.a(lib_a-dtoa.o)
 .text._dtoa_r  0x000851d8      0xe38 c:/users/mw7/appdata/roaming/arduino15/packages/arduino/tools/arm-none-eabi-gcc/4.8.3-2014q1/bin/../lib/gcc/arm-none-eabi/4.8.3/../../../../arm-none-eabi/lib/armv7-m\libg.a(lib_a-dtoa.o)
                0x000851d8                _dtoa_r
 .text.__libc_fini_array
                0x00086010       0x30 c:/users/mw7/appdata/roaming/arduino15/packages/arduino/tools/arm-none-eabi-gcc/4.8.3-2014q1/bin/../lib/gcc/arm-none-eabi/4.8.3/../../../../arm-none-eabi/lib/armv7-m\libg.a(lib_a-fini.o)
                0x00086010                __libc_fini_array
 .text._malloc_trim_r
                0x00086040       0x9c c:/users/mw7/appdata/roaming/arduino15/packages/arduino/tools/arm-none-eabi-gcc/4.8.3-2014q1/bin/../lib/gcc/arm-none-eabi/4.8.3/../../../../arm-none-eabi/lib/armv7-m\libg.a(lib_a-freer.o)
                0x00086040                _malloc_trim_r
 .text._free_r  0x000860dc      0x198 c:/users/mw7/appdata/roaming/arduino15/packages/arduino/tools/arm-none-eabi-gcc/4.8.3-2014q1/bin/../lib/gcc/arm-none-eabi/4.8.3/../../../../arm-none-eabi/lib/armv7-m\libg.a(lib_a-freer.o)
                0x000860dc                _free_r
 .text._localeconv_r
                0x00086274        0x8 c:/users/mw7/appdata/roaming/arduino15/packages/arduino/tools/arm-none-eabi-gcc/4.8.3-2014q1/bin/../lib/gcc/arm-none-eabi/4.8.3/../../../../arm-none-eabi/lib/armv7-m\libg.a(lib_a-locale.o)
                0x00086274                _localeconv_r
 .text.memchr   0x0008627c       0x94 c:/users/mw7/appdata/roaming/arduino15/packages/arduino/tools/arm-none-eabi-gcc/4.8.3-2014q1/bin/../lib/gcc/arm-none-eabi/4.8.3/../../../../arm-none-eabi/lib/armv7-m\libg.a(lib_a-memchr-stub.o)
                0x0008627c                memchr
 .text._Balloc  0x00086310       0x4c c:/users/mw7/appdata/roaming/arduino15/packages/arduino/tools/arm-none-eabi-gcc/4.8.3-2014q1/bin/../lib/gcc/arm-none-eabi/4.8.3/../../../../arm-none-eabi/lib/armv7-m\libg.a(lib_a-mprec.o)
                0x00086310                _Balloc
 .text._Bfree   0x0008635c       0x14 c:/users/mw7/appdata/roaming/arduino15/packages/arduino/tools/arm-none-eabi-gcc/4.8.3-2014q1/bin/../lib/gcc/arm-none-eabi/4.8.3/../../../../arm-none-eabi/lib/armv7-m\libg.a(lib_a-mprec.o)
                0x0008635c                _Bfree
 .text.__multadd
                0x00086370       0x94 c:/users/mw7/appdata/roaming/arduino15/packages/arduino/tools/arm-none-eabi-gcc/4.8.3-2014q1/bin/../lib/gcc/arm-none-eabi/4.8.3/../../../../arm-none-eabi/lib/armv7-m\libg.a(lib_a-mprec.o)
                0x00086370                __multadd
 .text.__hi0bits
                0x00086404       0x40 c:/users/mw7/appdata/roaming/arduino15/packages/arduino/tools/arm-none-eabi-gcc/4.8.3-2014q1/bin/../lib/gcc/arm-none-eabi/4.8.3/../../../../arm-none-eabi/lib/armv7-m\libg.a(lib_a-mprec.o)
                0x00086404                __hi0bits
 .text.__lo0bits
                0x00086444       0x5c c:/users/mw7/appdata/roaming/arduino15/packages/arduino/tools/arm-none-eabi-gcc/4.8.3-2014q1/bin/../lib/gcc/arm-none-eabi/4.8.3/../../../../arm-none-eabi/lib/armv7-m\libg.a(lib_a-mprec.o)
                0x00086444                __lo0bits
 .text.__i2b    0x000864a0       0x14 c:/users/mw7/appdata/roaming/arduino15/packages/arduino/tools/arm-none-eabi-gcc/4.8.3-2014q1/bin/../lib/gcc/arm-none-eabi/4.8.3/../../../../arm-none-eabi/lib/armv7-m\libg.a(lib_a-mprec.o)
                0x000864a0                __i2b
 .text.__multiply
                0x000864b4      0x13c c:/users/mw7/appdata/roaming/arduino15/packages/arduino/tools/arm-none-eabi-gcc/4.8.3-2014q1/bin/../lib/gcc/arm-none-eabi/4.8.3/../../../../arm-none-eabi/lib/armv7-m\libg.a(lib_a-mprec.o)
                0x000864b4                __multiply
 .text.__pow5mult
                0x000865f0       0x9c c:/users/mw7/appdata/roaming/arduino15/packages/arduino/tools/arm-none-eabi-gcc/4.8.3-2014q1/bin/../lib/gcc/arm-none-eabi/4.8.3/../../../../arm-none-eabi/lib/armv7-m\libg.a(lib_a-mprec.o)
                0x000865f0                __pow5mult
 .text.__lshift
                0x0008668c       0xbc c:/users/mw7/appdata/roaming/arduino15/packages/arduino/tools/arm-none-eabi-gcc/4.8.3-2014q1/bin/../lib/gcc/arm-none-eabi/4.8.3/../../../../arm-none-eabi/lib/armv7-m\libg.a(lib_a-mprec.o)
                0x0008668c                __lshift
 .text.__mcmp   0x00086748       0x48 c:/users/mw7/appdata/roaming/arduino15/packages/arduino/tools/arm-none-eabi-gcc/4.8.3-2014q1/bin/../lib/gcc/arm-none-eabi/4.8.3/../../../../arm-none-eabi/lib/armv7-m\libg.a(lib_a-mprec.o)
                0x00086748                __mcmp
 .text.__mdiff  0x00086790       0xd8 c:/users/mw7/appdata/roaming/arduino15/packages/arduino/tools/arm-none-eabi-gcc/4.8.3-2014q1/bin/../lib/gcc/arm-none-eabi/4.8.3/../../../../arm-none-eabi/lib/armv7-m\libg.a(lib_a-mprec.o)
                0x00086790                __mdiff
 .text.__d2b    0x00086868       0xbc c:/users/mw7/appdata/roaming/arduino15/packages/arduino/tools/arm-none-eabi-gcc/4.8.3-2014q1/bin/../lib/gcc/arm-none-eabi/4.8.3/../../../../arm-none-eabi/lib/armv7-m\libg.a(lib_a-mprec.o)
                0x00086868                __d2b
 .text.__ssprint_r
                0x00086924      0x100 c:/users/mw7/appdata/roaming/arduino15/packages/arduino/tools/arm-none-eabi-gcc/4.8.3-2014q1/bin/../lib/gcc/arm-none-eabi/4.8.3/../../../../arm-none-eabi/lib/armv7-m\libg.a(lib_a-svfiprintf.o)
                0x00086924                __ssprint_r
 .text._calloc_r
                0x00086a24       0x60 c:/users/mw7/appdata/roaming/arduino15/packages/arduino/tools/arm-none-eabi-gcc/4.8.3-2014q1/bin/../lib/gcc/arm-none-eabi/4.8.3/../../../../arm-none-eabi/lib/armv7-m\libg.a(lib_a-callocr.o)
                0x00086a24                _calloc_r
 .text          0x00086a84       0x2c c:/users/mw7/appdata/roaming/arduino15/packages/arduino/tools/arm-none-eabi-gcc/4.8.3-2014q1/bin/../lib/gcc/arm-none-eabi/4.8.3/armv7-m\libgcc.a(_aeabi_uldivmod.o)
                0x00086a84                __aeabi_uldivmod
 .text          0x00086ab0       0x60 c:/users/mw7/appdata/roaming/arduino15/packages/arduino/tools/arm-none-eabi-gcc/4.8.3-2014q1/bin/../lib/gcc/arm-none-eabi/4.8.3/armv7-m\libgcc.a(bpabi.o)
                0x00086ab0                __gnu_ldivmod_helper
                0x00086ae0                __gnu_uldivmod_helper
 .text          0x00086b10        0x4 c:/users/mw7/appdata/roaming/arduino15/packages/arduino/tools/arm-none-eabi-gcc/4.8.3-2014q1/bin/../lib/gcc/arm-none-eabi/4.8.3/armv7-m\libgcc.a(_dvmd_tls.o)
                0x00086b10                __aeabi_idiv0
                0x00086b10                __aeabi_ldiv0
 .text          0x00086b14      0x2a0 c:/users/mw7/appdata/roaming/arduino15/packages/arduino/tools/arm-none-eabi-gcc/4.8.3-2014q1/bin/../lib/gcc/arm-none-eabi/4.8.3/armv7-m\libgcc.a(_divdi3.o)
                0x00086b14                __divdi3
 .text          0x00086db4      0x290 c:/users/mw7/appdata/roaming/arduino15/packages/arduino/tools/arm-none-eabi-gcc/4.8.3-2014q1/bin/../lib/gcc/arm-none-eabi/4.8.3/armv7-m\libgcc.a(_udivdi3.o)
                0x00086db4                __udivdi3
 *(.glue_7t)
 .glue_7t       0x00000000        0x0 linker stubs
 *(.glue_7)
 .glue_7        0x00000000        0x0 linker stubs
 *(.rodata .rodata* .gnu.linkonce.r.*)
 .rodata.str1.1
                0x00087044      0x197 C:\Users\mw7\AppData\Local\V.Micro\Arduino\Builds\ADC_Stream_Due\arduino_due_x_dbg\ADC_Stream_Due.cpp.o
                                0x198 (size before relaxing)
 *fill*         0x000871db        0x5 
 .rodata._ZTV9UARTClass
                0x000871e0       0x30 C:\Users\mw7\AppData\Local\V.Micro\Arduino\Builds\ADC_Stream_Due\arduino_due_x_dbg/core.a(UARTClass.cpp.o)
                0x000871e0                vtable for UARTClass
 .rodata.str1.1
                0x00000000        0x1 C:\Users\mw7\AppData\Local\V.Micro\Arduino\Builds\ADC_Stream_Due\arduino_due_x_dbg/core.a(WString.cpp.o)
 .rodata.STRING_PRODUCT
                0x00087210        0xc C:\Users\mw7\AppData\Local\V.Micro\Arduino\Builds\ADC_Stream_Due\arduino_due_x_dbg/core.a(USBCore.cpp.o)
                0x00087210                STRING_PRODUCT
 .rodata.USB_DeviceDescriptor
                0x0008721c       0x12 C:\Users\mw7\AppData\Local\V.Micro\Arduino\Builds\ADC_Stream_Due\arduino_due_x_dbg/core.a(USBCore.cpp.o)
                0x0008721c                USB_DeviceDescriptor
 *fill*         0x0008722e        0x2 
 .rodata._ZL9EndPoints
                0x00087230       0x14 C:\Users\mw7\AppData\Local\V.Micro\Arduino\Builds\ADC_Stream_Due\arduino_due_x_dbg/core.a(USBCore.cpp.o)
 .rodata.STRING_LANGUAGE
                0x00087244        0x4 C:\Users\mw7\AppData\Local\V.Micro\Arduino\Builds\ADC_Stream_Due\arduino_due_x_dbg/core.a(USBCore.cpp.o)
                0x00087244                STRING_LANGUAGE
 .rodata._ZL18test_packet_buffer
                0x00087248       0x35 C:\Users\mw7\AppData\Local\V.Micro\Arduino\Builds\ADC_Stream_Due\arduino_due_x_dbg/core.a(USBCore.cpp.o)
 .rodata.STRING_MANUFACTURER
                0x0008727d        0xc C:\Users\mw7\AppData\Local\V.Micro\Arduino\Builds\ADC_Stream_Due\arduino_due_x_dbg/core.a(USBCore.cpp.o)
                0x0008727d                STRING_MANUFACTURER
 .rodata.USB_DeviceDescriptorA
                0x00087289       0x12 C:\Users\mw7\AppData\Local\V.Micro\Arduino\Builds\ADC_Stream_Due\arduino_due_x_dbg/core.a(USBCore.cpp.o)
                0x00087289                USB_DeviceDescriptorA
 .rodata._ZL19USB_DeviceQualifier
                0x0008729b       0x12 C:\Users\mw7\AppData\Local\V.Micro\Arduino\Builds\ADC_Stream_Due\arduino_due_x_dbg/core.a(USBCore.cpp.o)
 *fill*         0x000872ad        0x3 
 .rodata.g_APinDescription
                0x000872b0      0xa2c C:\Users\mw7\AppData\Local\V.Micro\Arduino\Builds\ADC_Stream_Due\arduino_due_x_dbg/core.a(variant.cpp.o)
                0x000872b0                g_APinDescription
 *fill*         0x00087cdc        0x4 
 .rodata._ZTV10USARTClass
                0x00087ce0       0x30 C:\Users\mw7\AppData\Local\V.Micro\Arduino\Builds\ADC_Stream_Due\arduino_due_x_dbg/core.a(USARTClass.cpp.o)
                0x00087ce0                vtable for USARTClass
 .rodata._ZTV7Serial_
                0x00087d10       0x28 C:\Users\mw7\AppData\Local\V.Micro\Arduino\Builds\ADC_Stream_Due\arduino_due_x_dbg/core.a(CDC.cpp.o)
                0x00087d10                vtable for Serial_
 .rodata._ZL18_cdcOtherInterface
                0x00087d38       0x42 C:\Users\mw7\AppData\Local\V.Micro\Arduino\Builds\ADC_Stream_Due\arduino_due_x_dbg/core.a(CDC.cpp.o)
 .rodata._ZL13_cdcInterface
                0x00087d7a       0x42 C:\Users\mw7\AppData\Local\V.Micro\Arduino\Builds\ADC_Stream_Due\arduino_due_x_dbg/core.a(CDC.cpp.o)
 *fill*         0x00087dbc        0x4 
 .rodata._ZTV9Keyboard_
                0x00087dc0       0x20 C:\Users\mw7\AppData\Local\V.Micro\Arduino\Builds\ADC_Stream_Due\arduino_due_x_dbg/core.a(HID.cpp.o)
                0x00087dc0                vtable for Keyboard_
 .rodata._asciimap
                0x00087de0       0x80 C:\Users\mw7\AppData\Local\V.Micro\Arduino\Builds\ADC_Stream_Due\arduino_due_x_dbg/core.a(HID.cpp.o)
                0x00087de0                _asciimap
 .rodata._hidInterface
                0x00087e60       0x19 C:\Users\mw7\AppData\Local\V.Micro\Arduino\Builds\ADC_Stream_Due\arduino_due_x_dbg/core.a(HID.cpp.o)
                0x00087e60                _hidInterface
 .rodata._hidReportDescriptor
                0x00087e79       0x65 C:\Users\mw7\AppData\Local\V.Micro\Arduino\Builds\ADC_Stream_Due\arduino_due_x_dbg/core.a(HID.cpp.o)
                0x00087e79                _hidReportDescriptor
 *fill*         0x00087ede        0x2 
 .rodata.C.0.8146
                0x00087ee0       0x40 C:\Users\mw7\AppData\Roaming\arduino15\packages\arduino\hardware\sam\1.6.4\variants\arduino_due_x/libsam_sam3x8e_gcc_rel.a(adc.o)
 .rodata.str1.4
                0x00087f20        0x2 c:/users/mw7/appdata/roaming/arduino15/packages/arduino/tools/arm-none-eabi-gcc/4.8.3-2014q1/bin/../lib/gcc/arm-none-eabi/4.8.3/../../../../arm-none-eabi/lib/armv7-m\libg.a(lib_a-impure.o)
                                  0x4 (size before relaxing)
 *fill*         0x00087f22        0x2 
 .rodata._global_impure_ptr
                0x00087f24        0x4 c:/users/mw7/appdata/roaming/arduino15/packages/arduino/tools/arm-none-eabi-gcc/4.8.3-2014q1/bin/../lib/gcc/arm-none-eabi/4.8.3/../../../../arm-none-eabi/lib/armv7-m\libg.a(lib_a-impure.o)
                0x00087f24                _global_impure_ptr
 .rodata.zeroes.6760
                0x00087f28       0x10 c:/users/mw7/appdata/roaming/arduino15/packages/arduino/tools/arm-none-eabi-gcc/4.8.3-2014q1/bin/../lib/gcc/arm-none-eabi/4.8.3/../../../../arm-none-eabi/lib/armv7-m\libg.a(lib_a-svfprintf.o)
 .rodata.str1.4
                0x00087f38       0x42 c:/users/mw7/appdata/roaming/arduino15/packages/arduino/tools/arm-none-eabi-gcc/4.8.3-2014q1/bin/../lib/gcc/arm-none-eabi/4.8.3/../../../../arm-none-eabi/lib/armv7-m\libg.a(lib_a-svfprintf.o)
                                 0x44 (size before relaxing)
 *fill*         0x00087f7a        0x2 
 .rodata.blanks.6759
                0x00087f7c       0x10 c:/users/mw7/appdata/roaming/arduino15/packages/arduino/tools/arm-none-eabi-gcc/4.8.3-2014q1/bin/../lib/gcc/arm-none-eabi/4.8.3/../../../../arm-none-eabi/lib/armv7-m\libg.a(lib_a-svfprintf.o)
 .rodata.str1.4
                0x00087f8c       0x10 c:/users/mw7/appdata/roaming/arduino15/packages/arduino/tools/arm-none-eabi-gcc/4.8.3-2014q1/bin/../lib/gcc/arm-none-eabi/4.8.3/../../../../arm-none-eabi/lib/armv7-m\libg.a(lib_a-dtoa.o)
                                 0x14 (size before relaxing)
 .rodata.str1.4
                0x00087f9c        0xc c:/users/mw7/appdata/roaming/arduino15/packages/arduino/tools/arm-none-eabi-gcc/4.8.3-2014q1/bin/../lib/gcc/arm-none-eabi/4.8.3/../../../../arm-none-eabi/lib/armv7-m\libg.a(lib_a-locale.o)
                                 0x14 (size before relaxing)
 .rodata.__mprec_tens
                0x00087fa8       0xc8 c:/users/mw7/appdata/roaming/arduino15/packages/arduino/tools/arm-none-eabi-gcc/4.8.3-2014q1/bin/../lib/gcc/arm-none-eabi/4.8.3/../../../../arm-none-eabi/lib/armv7-m\libg.a(lib_a-mprec.o)
                0x00087fa8                __mprec_tens
 .rodata.__mprec_bigtens
                0x00088070       0x28 c:/users/mw7/appdata/roaming/arduino15/packages/arduino/tools/arm-none-eabi-gcc/4.8.3-2014q1/bin/../lib/gcc/arm-none-eabi/4.8.3/../../../../arm-none-eabi/lib/armv7-m\libg.a(lib_a-mprec.o)
                0x00088070                __mprec_bigtens
 .rodata.p05.5266
                0x00088098        0xc c:/users/mw7/appdata/roaming/arduino15/packages/arduino/tools/arm-none-eabi-gcc/4.8.3-2014q1/bin/../lib/gcc/arm-none-eabi/4.8.3/../../../../arm-none-eabi/lib/armv7-m\libg.a(lib_a-mprec.o)
 *(.ARM.extab* .gnu.linkonce.armextab.*)
                0x000880a4                . = ALIGN (0x4)
 *(.init)
 .init          0x000880a4        0x4 c:/users/mw7/appdata/roaming/arduino15/packages/arduino/tools/arm-none-eabi-gcc/4.8.3-2014q1/bin/../lib/gcc/arm-none-eabi/4.8.3/armv7-m/crti.o
                0x000880a4                _init
 .init          0x000880a8        0x8 c:/users/mw7/appdata/roaming/arduino15/packages/arduino/tools/arm-none-eabi-gcc/4.8.3-2014q1/bin/../lib/gcc/arm-none-eabi/4.8.3/armv7-m/crtn.o
                0x000880b0                . = ALIGN (0x4)
                0x000880b0                __preinit_array_start = .
 *(.preinit_array)
                0x000880b0                __preinit_array_end = .
                0x000880b0                . = ALIGN (0x4)
                0x000880b0                __init_array_start = .
 *(SORT(.init_array.*))
 .init_array.00000
                0x000880b0        0x4 c:/users/mw7/appdata/roaming/arduino15/packages/arduino/tools/arm-none-eabi-gcc/4.8.3-2014q1/bin/../lib/gcc/arm-none-eabi/4.8.3/../../../../arm-none-eabi/lib/armv7-m\libg.a(lib_a-__call_atexit.o)
 *(.init_array)
 .init_array    0x000880b4        0x4 c:/users/mw7/appdata/roaming/arduino15/packages/arduino/tools/arm-none-eabi-gcc/4.8.3-2014q1/bin/../lib/gcc/arm-none-eabi/4.8.3/armv7-m/crtbegin.o
 .init_array    0x000880b8        0x4 C:\Users\mw7\AppData\Local\V.Micro\Arduino\Builds\ADC_Stream_Due\arduino_due_x_dbg\ADC_Stream_Due.cpp.o
 .init_array    0x000880bc        0x4 C:\Users\mw7\AppData\Local\V.Micro\Arduino\Builds\ADC_Stream_Due\arduino_due_x_dbg/core.a(USBCore.cpp.o)
 .init_array    0x000880c0        0x4 C:\Users\mw7\AppData\Local\V.Micro\Arduino\Builds\ADC_Stream_Due\arduino_due_x_dbg/core.a(variant.cpp.o)
 .init_array    0x000880c4        0x4 C:\Users\mw7\AppData\Local\V.Micro\Arduino\Builds\ADC_Stream_Due\arduino_due_x_dbg/core.a(CDC.cpp.o)
 .init_array    0x000880c8        0x4 C:\Users\mw7\AppData\Local\V.Micro\Arduino\Builds\ADC_Stream_Due\arduino_due_x_dbg/core.a(HID.cpp.o)
                0x000880cc                __init_array_end = .
                0x000880cc                . = ALIGN (0x4)
 *crtbegin.o(.ctors)
 *(EXCLUDE_FILE(*crtend.o) .ctors)
 *(SORT(.ctors.*))
 *crtend.o(.ctors)
                0x000880cc                . = ALIGN (0x4)
 *(.fini)
 .fini          0x000880cc        0x4 c:/users/mw7/appdata/roaming/arduino15/packages/arduino/tools/arm-none-eabi-gcc/4.8.3-2014q1/bin/../lib/gcc/arm-none-eabi/4.8.3/armv7-m/crti.o
                0x000880cc                _fini
 .fini          0x000880d0        0x8 c:/users/mw7/appdata/roaming/arduino15/packages/arduino/tools/arm-none-eabi-gcc/4.8.3-2014q1/bin/../lib/gcc/arm-none-eabi/4.8.3/armv7-m/crtn.o
                0x000880d8                . = ALIGN (0x4)
                0x000880d8                __fini_array_start = .
 *(.fini_array)
 .fini_array    0x000880d8        0x4 c:/users/mw7/appdata/roaming/arduino15/packages/arduino/tools/arm-none-eabi-gcc/4.8.3-2014q1/bin/../lib/gcc/arm-none-eabi/4.8.3/armv7-m/crtbegin.o
 *(SORT(.fini_array.*))
                0x000880dc                __fini_array_end = .
 *crtbegin.o(.dtors)
 *(EXCLUDE_FILE(*crtend.o) .dtors)
 *(SORT(.dtors.*))
 *crtend.o(.dtors)
                0x000880dc                . = ALIGN (0x4)
                0x000880dc                _efixed = .
                0x000880dc                PROVIDE (__exidx_start, .)

.vfp11_veneer   0x000880dc        0x0
 .vfp11_veneer  0x00000000        0x0 linker stubs

.v4_bx          0x000880dc        0x0
 .v4_bx         0x00000000        0x0 linker stubs

.iplt           0x000880dc        0x0
 .iplt          0x00000000        0x0 c:/users/mw7/appdata/roaming/arduino15/packages/arduino/tools/arm-none-eabi-gcc/4.8.3-2014q1/bin/../lib/gcc/arm-none-eabi/4.8.3/armv7-m/crtbegin.o

.ARM.exidx      0x000880dc        0x8
 *(.ARM.exidx* .gnu.linkonce.armexidx.*)
 .ARM.exidx     0x000880dc        0x8 c:/users/mw7/appdata/roaming/arduino15/packages/arduino/tools/arm-none-eabi-gcc/4.8.3-2014q1/bin/../lib/gcc/arm-none-eabi/4.8.3/armv7-m\libgcc.a(_divdi3.o)
 .ARM.exidx     0x000880e4        0x0 c:/users/mw7/appdata/roaming/arduino15/packages/arduino/tools/arm-none-eabi-gcc/4.8.3-2014q1/bin/../lib/gcc/arm-none-eabi/4.8.3/armv7-m\libgcc.a(_udivdi3.o)
                                  0x8 (size before relaxing)
                0x000880e4                PROVIDE (__exidx_end, .)

.eh_frame       0x000880e4        0x0
 .eh_frame      0x000880e4        0x0 c:/users/mw7/appdata/roaming/arduino15/packages/arduino/tools/arm-none-eabi-gcc/4.8.3-2014q1/bin/../lib/gcc/arm-none-eabi/4.8.3/armv7-m/crtbegin.o

.rel.dyn        0x000880e4        0x0
 .rel.iplt      0x00000000        0x0 c:/users/mw7/appdata/roaming/arduino15/packages/arduino/tools/arm-none-eabi-gcc/4.8.3-2014q1/bin/../lib/gcc/arm-none-eabi/4.8.3/armv7-m/crtbegin.o

.jcr            0x000880e4        0x0
 .jcr           0x000880e4        0x0 c:/users/mw7/appdata/roaming/arduino15/packages/arduino/tools/arm-none-eabi-gcc/4.8.3-2014q1/bin/../lib/gcc/arm-none-eabi/4.8.3/armv7-m/crtbegin.o

.igot.plt       0x000880e4        0x0
 .igot.plt      0x00000000        0x0 c:/users/mw7/appdata/roaming/arduino15/packages/arduino/tools/arm-none-eabi-gcc/4.8.3-2014q1/bin/../lib/gcc/arm-none-eabi/4.8.3/armv7-m/crtbegin.o
                0x000880e4                . = ALIGN (0x4)
                0x000880e4                _etext = .

.relocate       0x20070000      0x8cc load address 0x000880e4
                0x20070000                . = ALIGN (0x4)
                0x20070000                _srelocate = .
 *(.ramfunc .ramfunc.*)
 .ramfunc       0x20070000       0x2c C:\Users\mw7\AppData\Local\V.Micro\Arduino\Builds\ADC_Stream_Due\arduino_due_x_dbg/core.a(Reset.cpp.o)
                0x20070000                banzai
 *(.data .data.*)
 .data          0x2007002c        0x4 c:/users/mw7/appdata/roaming/arduino15/packages/arduino/tools/arm-none-eabi-gcc/4.8.3-2014q1/bin/../lib/gcc/arm-none-eabi/4.8.3/armv7-m/crtbegin.o
                0x2007002c                __dso_handle
 .data.ADC_Res  0x20070030        0x4 C:\Users\mw7\AppData\Local\V.Micro\Arduino\Builds\ADC_Stream_Due\arduino_due_x_dbg\ADC_Stream_Due.cpp.o
                0x20070030                ADC_Res
 .data.latestSelectedChannel.9367
                0x20070034        0x4 C:\Users\mw7\AppData\Local\V.Micro\Arduino\Builds\ADC_Stream_Due\arduino_due_x_dbg/core.a(wiring_analog.c.o)
 .data._readResolution
                0x20070038        0x4 C:\Users\mw7\AppData\Local\V.Micro\Arduino\Builds\ADC_Stream_Due\arduino_due_x_dbg/core.a(wiring_analog.c.o)
 .data._ZL5ticks
                0x2007003c        0x4 C:\Users\mw7\AppData\Local\V.Micro\Arduino\Builds\ADC_Stream_Due\arduino_due_x_dbg/core.a(Reset.cpp.o)
 .data._ZL12_usbLineInfo
                0x20070040        0x8 C:\Users\mw7\AppData\Local\V.Micro\Arduino\Builds\ADC_Stream_Due\arduino_due_x_dbg/core.a(CDC.cpp.o)
 .data._hid_protocol
                0x20070048        0x1 C:\Users\mw7\AppData\Local\V.Micro\Arduino\Builds\ADC_Stream_Due\arduino_due_x_dbg/core.a(HID.cpp.o)
                0x20070048                _hid_protocol
 .data._hid_idle
                0x20070049        0x1 C:\Users\mw7\AppData\Local\V.Micro\Arduino\Builds\ADC_Stream_Due\arduino_due_x_dbg/core.a(HID.cpp.o)
                0x20070049                _hid_idle
 *fill*         0x2007004a        0x2 
 .data.SystemCoreClock
                0x2007004c        0x4 C:\Users\mw7\AppData\Roaming\arduino15\packages\arduino\hardware\sam\1.6.4\variants\arduino_due_x/libsam_sam3x8e_gcc_rel.a(system_sam3xa.o)
                0x2007004c                SystemCoreClock
 .data.g_interrupt_enabled
                0x20070050        0x4 C:\Users\mw7\AppData\Roaming\arduino15\packages\arduino\hardware\sam\1.6.4\variants\arduino_due_x/libsam_sam3x8e_gcc_rel.a(interrupt_sam_nvic.o)
                0x20070050                g_interrupt_enabled
 *fill*         0x20070054        0x4 
 .data.impure_data
                0x20070058      0x428 c:/users/mw7/appdata/roaming/arduino15/packages/arduino/tools/arm-none-eabi-gcc/4.8.3-2014q1/bin/../lib/gcc/arm-none-eabi/4.8.3/../../../../arm-none-eabi/lib/armv7-m\libg.a(lib_a-impure.o)
 .data._impure_ptr
                0x20070480        0x4 c:/users/mw7/appdata/roaming/arduino15/packages/arduino/tools/arm-none-eabi-gcc/4.8.3-2014q1/bin/../lib/gcc/arm-none-eabi/4.8.3/../../../../arm-none-eabi/lib/armv7-m\libg.a(lib_a-impure.o)
                0x20070480                _impure_ptr
 .data.__malloc_av_
                0x20070484      0x408 c:/users/mw7/appdata/roaming/arduino15/packages/arduino/tools/arm-none-eabi-gcc/4.8.3-2014q1/bin/../lib/gcc/arm-none-eabi/4.8.3/../../../../arm-none-eabi/lib/armv7-m\libg.a(lib_a-mallocr.o)
                0x20070484                __malloc_av_
 .data.__malloc_trim_threshold
                0x2007088c        0x4 c:/users/mw7/appdata/roaming/arduino15/packages/arduino/tools/arm-none-eabi-gcc/4.8.3-2014q1/bin/../lib/gcc/arm-none-eabi/4.8.3/../../../../arm-none-eabi/lib/armv7-m\libg.a(lib_a-mallocr.o)
                0x2007088c                __malloc_trim_threshold
 .data.__malloc_sbrk_base
                0x20070890        0x4 c:/users/mw7/appdata/roaming/arduino15/packages/arduino/tools/arm-none-eabi-gcc/4.8.3-2014q1/bin/../lib/gcc/arm-none-eabi/4.8.3/../../../../arm-none-eabi/lib/armv7-m\libg.a(lib_a-mallocr.o)
                0x20070890                __malloc_sbrk_base
 .data.lconv    0x20070894       0x38 c:/users/mw7/appdata/roaming/arduino15/packages/arduino/tools/arm-none-eabi-gcc/4.8.3-2014q1/bin/../lib/gcc/arm-none-eabi/4.8.3/../../../../arm-none-eabi/lib/armv7-m\libg.a(lib_a-locale.o)
                0x200708cc                . = ALIGN (0x4)
                0x200708cc                _erelocate = .

.bss            0x200708cc      0x860 load address 0x000889b0
                0x200708cc                . = ALIGN (0x4)
                0x200708cc                _sbss = .
                0x200708cc                _szero = .
 *(.bss .bss.*)
 .bss           0x200708cc       0x1c c:/users/mw7/appdata/roaming/arduino15/packages/arduino/tools/arm-none-eabi-gcc/4.8.3-2014q1/bin/../lib/gcc/arm-none-eabi/4.8.3/armv7-m/crtbegin.o
 .bss.heap.6416
                0x200708e8        0x4 C:\Users\mw7\AppData\Local\V.Micro\Arduino\Builds\ADC_Stream_Due\arduino_due_x_dbg/syscalls_sam3.c.o
 .bss.readA1    0x200708ec        0x4 C:\Users\mw7\AppData\Local\V.Micro\Arduino\Builds\ADC_Stream_Due\arduino_due_x_dbg\ADC_Stream_Due.cpp.o
                0x200708ec                readA1
 .bss.DEBUG     0x200708f0        0x1 C:\Users\mw7\AppData\Local\V.Micro\Arduino\Builds\ADC_Stream_Due\arduino_due_x_dbg\ADC_Stream_Due.cpp.o
                0x200708f0                DEBUG
 *fill*         0x200708f1        0x3 
 .bss.msg       0x200708f4        0xc C:\Users\mw7\AppData\Local\V.Micro\Arduino\Builds\ADC_Stream_Due\arduino_due_x_dbg\ADC_Stream_Due.cpp.o
                0x200708f4                msg
 .bss.readA0    0x20070900        0x4 C:\Users\mw7\AppData\Local\V.Micro\Arduino\Builds\ADC_Stream_Due\arduino_due_x_dbg\ADC_Stream_Due.cpp.o
                0x20070900                readA0
 .bss.readA2    0x20070904        0x4 C:\Users\mw7\AppData\Local\V.Micro\Arduino\Builds\ADC_Stream_Due\arduino_due_x_dbg\ADC_Stream_Due.cpp.o
                0x20070904                readA2
 .bss.version   0x20070908        0xc C:\Users\mw7\AppData\Local\V.Micro\Arduino\Builds\ADC_Stream_Due\arduino_due_x_dbg\ADC_Stream_Due.cpp.o
                0x20070908                version
 .bss.Res       0x20070914        0x4 C:\Users\mw7\AppData\Local\V.Micro\Arduino\Builds\ADC_Stream_Due\arduino_due_x_dbg\ADC_Stream_Due.cpp.o
                0x20070914                Res
 .bss.currTime2
                0x20070918        0x4 C:\Users\mw7\AppData\Local\V.Micro\Arduino\Builds\ADC_Stream_Due\arduino_due_x_dbg\ADC_Stream_Due.cpp.o
                0x20070918                currTime2
 .bss.gpf_isr   0x2007091c        0x4 C:\Users\mw7\AppData\Roaming\arduino15\packages\arduino\hardware\sam\1.6.4\variants\arduino_due_x/libsam_sam3x8e_gcc_rel.a(uotghs.o)
                0x2007091c                gpf_isr
 .bss.pinEnabled
                0x20070920       0x4f C:\Users\mw7\AppData\Local\V.Micro\Arduino\Builds\ADC_Stream_Due\arduino_due_x_dbg/core.a(wiring_analog.c.o)
 .bss._ZL14isEndpointHalt
                0x2007096f        0x1 C:\Users\mw7\AppData\Local\V.Micro\Arduino\Builds\ADC_Stream_Due\arduino_due_x_dbg/core.a(USBCore.cpp.o)
 .bss._cmark    0x20070970        0x4 C:\Users\mw7\AppData\Local\V.Micro\Arduino\Builds\ADC_Stream_Due\arduino_due_x_dbg/core.a(USBCore.cpp.o)
                0x20070970                _cmark
 .bss._cend     0x20070974        0x4 C:\Users\mw7\AppData\Local\V.Micro\Arduino\Builds\ADC_Stream_Due\arduino_due_x_dbg/core.a(USBCore.cpp.o)
                0x20070974                _cend
 .bss._cdcComposite
                0x20070978        0x4 C:\Users\mw7\AppData\Local\V.Micro\Arduino\Builds\ADC_Stream_Due\arduino_due_x_dbg/core.a(USBCore.cpp.o)
                0x20070978                _cdcComposite
 .bss._ZL21isRemoteWakeUpEnabled
                0x2007097c        0x1 C:\Users\mw7\AppData\Local\V.Micro\Arduino\Builds\ADC_Stream_Due\arduino_due_x_dbg/core.a(USBCore.cpp.o)
 *fill*         0x2007097d        0x3 
 .bss._usbInitialized
                0x20070980        0x4 C:\Users\mw7\AppData\Local\V.Micro\Arduino\Builds\ADC_Stream_Due\arduino_due_x_dbg/core.a(USBCore.cpp.o)
                0x20070980                _usbInitialized
 .bss.USBDevice
                0x20070984        0x1 C:\Users\mw7\AppData\Local\V.Micro\Arduino\Builds\ADC_Stream_Due\arduino_due_x_dbg/core.a(USBCore.cpp.o)
                0x20070984                USBDevice
 *fill*         0x20070985        0x3 
 .bss._usbSetInterface
                0x20070988        0x4 C:\Users\mw7\AppData\Local\V.Micro\Arduino\Builds\ADC_Stream_Due\arduino_due_x_dbg/core.a(USBCore.cpp.o)
                0x20070988                _usbSetInterface
 .bss._usbConfiguration
                0x2007098c        0x4 C:\Users\mw7\AppData\Local\V.Micro\Arduino\Builds\ADC_Stream_Due\arduino_due_x_dbg/core.a(USBCore.cpp.o)
                0x2007098c                _usbConfiguration
 .bss.tx_buffer2
                0x20070990       0x88 C:\Users\mw7\AppData\Local\V.Micro\Arduino\Builds\ADC_Stream_Due\arduino_due_x_dbg/core.a(variant.cpp.o)
                0x20070990                tx_buffer2
 .bss.tx_buffer1
                0x20070a18       0x88 C:\Users\mw7\AppData\Local\V.Micro\Arduino\Builds\ADC_Stream_Due\arduino_due_x_dbg/core.a(variant.cpp.o)
                0x20070a18                tx_buffer1
 .bss.Serial    0x20070aa0       0x24 C:\Users\mw7\AppData\Local\V.Micro\Arduino\Builds\ADC_Stream_Due\arduino_due_x_dbg/core.a(variant.cpp.o)
                0x20070aa0                Serial
 .bss.rx_buffer1
                0x20070ac4       0x88 C:\Users\mw7\AppData\Local\V.Micro\Arduino\Builds\ADC_Stream_Due\arduino_due_x_dbg/core.a(variant.cpp.o)
                0x20070ac4                rx_buffer1
 .bss.Serial1   0x20070b4c       0x28 C:\Users\mw7\AppData\Local\V.Micro\Arduino\Builds\ADC_Stream_Due\arduino_due_x_dbg/core.a(variant.cpp.o)
                0x20070b4c                Serial1
 .bss.Serial2   0x20070b74       0x28 C:\Users\mw7\AppData\Local\V.Micro\Arduino\Builds\ADC_Stream_Due\arduino_due_x_dbg/core.a(variant.cpp.o)
                0x20070b74                Serial2
 .bss.Serial3   0x20070b9c       0x28 C:\Users\mw7\AppData\Local\V.Micro\Arduino\Builds\ADC_Stream_Due\arduino_due_x_dbg/core.a(variant.cpp.o)
                0x20070b9c                Serial3
 .bss.tx_buffer3
                0x20070bc4       0x88 C:\Users\mw7\AppData\Local\V.Micro\Arduino\Builds\ADC_Stream_Due\arduino_due_x_dbg/core.a(variant.cpp.o)
                0x20070bc4                tx_buffer3
 .bss.tx_buffer4
                0x20070c4c       0x88 C:\Users\mw7\AppData\Local\V.Micro\Arduino\Builds\ADC_Stream_Due\arduino_due_x_dbg/core.a(variant.cpp.o)
                0x20070c4c                tx_buffer4
 .bss.rx_buffer2
                0x20070cd4       0x88 C:\Users\mw7\AppData\Local\V.Micro\Arduino\Builds\ADC_Stream_Due\arduino_due_x_dbg/core.a(variant.cpp.o)
                0x20070cd4                rx_buffer2
 .bss.rx_buffer3
                0x20070d5c       0x88 C:\Users\mw7\AppData\Local\V.Micro\Arduino\Builds\ADC_Stream_Due\arduino_due_x_dbg/core.a(variant.cpp.o)
                0x20070d5c                rx_buffer3
 .bss.rx_buffer4
                0x20070de4       0x88 C:\Users\mw7\AppData\Local\V.Micro\Arduino\Builds\ADC_Stream_Due\arduino_due_x_dbg/core.a(variant.cpp.o)
                0x20070de4                rx_buffer4
 .bss.cdc_rx_buffer
                0x20070e6c      0x208 C:\Users\mw7\AppData\Local\V.Micro\Arduino\Builds\ADC_Stream_Due\arduino_due_x_dbg/core.a(CDC.cpp.o)
                0x20070e6c                cdc_rx_buffer
 .bss._ZZN7Serial_6acceptEvE5guard
                0x20071074        0x4 C:\Users\mw7\AppData\Local\V.Micro\Arduino\Builds\ADC_Stream_Due\arduino_due_x_dbg/core.a(CDC.cpp.o)
 .bss.SerialUSB
                0x20071078       0x14 C:\Users\mw7\AppData\Local\V.Micro\Arduino\Builds\ADC_Stream_Due\arduino_due_x_dbg/core.a(CDC.cpp.o)
                0x20071078                SerialUSB
 .bss.Mouse     0x2007108c        0x1 C:\Users\mw7\AppData\Local\V.Micro\Arduino\Builds\ADC_Stream_Due\arduino_due_x_dbg/core.a(HID.cpp.o)
                0x2007108c                Mouse
 *fill*         0x2007108d        0x3 
 .bss.Keyboard  0x20071090       0x10 C:\Users\mw7\AppData\Local\V.Micro\Arduino\Builds\ADC_Stream_Due\arduino_due_x_dbg/core.a(HID.cpp.o)
                0x20071090                Keyboard
 .bss._dwTickCount
                0x200710a0        0x4 C:\Users\mw7\AppData\Roaming\arduino15\packages\arduino\hardware\sam\1.6.4\variants\arduino_due_x/libsam_sam3x8e_gcc_rel.a(timetick.o)
 .bss.ul_recv_fifo_ptr
                0x200710a4       0x28 C:\Users\mw7\AppData\Roaming\arduino15\packages\arduino\hardware\sam\1.6.4\variants\arduino_due_x/libsam_sam3x8e_gcc_rel.a(uotghs_device.o)
 .bss.ul_send_fifo_ptr
                0x200710cc       0x28 C:\Users\mw7\AppData\Roaming\arduino15\packages\arduino\hardware\sam\1.6.4\variants\arduino_due_x/libsam_sam3x8e_gcc_rel.a(uotghs_device.o)
 .bss.__malloc_max_total_mem
                0x200710f4        0x4 c:/users/mw7/appdata/roaming/arduino15/packages/arduino/tools/arm-none-eabi-gcc/4.8.3-2014q1/bin/../lib/gcc/arm-none-eabi/4.8.3/../../../../arm-none-eabi/lib/armv7-m\libg.a(lib_a-mallocr.o)
                0x200710f4                __malloc_max_total_mem
 .bss.__malloc_max_sbrked_mem
                0x200710f8        0x4 c:/users/mw7/appdata/roaming/arduino15/packages/arduino/tools/arm-none-eabi-gcc/4.8.3-2014q1/bin/../lib/gcc/arm-none-eabi/4.8.3/../../../../arm-none-eabi/lib/armv7-m\libg.a(lib_a-mallocr.o)
                0x200710f8                __malloc_max_sbrked_mem
 .bss.__malloc_top_pad
                0x200710fc        0x4 c:/users/mw7/appdata/roaming/arduino15/packages/arduino/tools/arm-none-eabi-gcc/4.8.3-2014q1/bin/../lib/gcc/arm-none-eabi/4.8.3/../../../../arm-none-eabi/lib/armv7-m\libg.a(lib_a-mallocr.o)
                0x200710fc                __malloc_top_pad
 .bss.__malloc_current_mallinfo
                0x20071100       0x28 c:/users/mw7/appdata/roaming/arduino15/packages/arduino/tools/arm-none-eabi-gcc/4.8.3-2014q1/bin/../lib/gcc/arm-none-eabi/4.8.3/../../../../arm-none-eabi/lib/armv7-m\libg.a(lib_a-mallocr.o)
                0x20071100                __malloc_current_mallinfo
 *(COMMON)
 COMMON         0x20071128        0x4 c:/users/mw7/appdata/roaming/arduino15/packages/arduino/tools/arm-none-eabi-gcc/4.8.3-2014q1/bin/../lib/gcc/arm-none-eabi/4.8.3/../../../../arm-none-eabi/lib/armv7-m\libg.a(lib_a-reent.o)
                0x20071128                errno
                0x2007112c                . = ALIGN (0x4)
                0x2007112c                _ebss = .
                0x2007112c                _ezero = .
                0x2007112c                . = ALIGN (0x4)
                0x2007112c                _end = .

.stack_dummy    0x2007112c        0x0
 *(.stack*)
                0x20088000                __StackTop = (ORIGIN (ram) + 0x18000)
                0x20088000                __StackLimit = (__StackTop - SIZEOF (.stack_dummy))
                0x20088000                PROVIDE (_sstack, __StackLimit)
                0x20088000                PROVIDE (_estack, __StackTop)
OUTPUT(C:\Users\mw7\AppData\Local\V.Micro\Arduino\Builds\ADC_Stream_Due\arduino_due_x_dbg/ADC_Stream_Due.elf elf32-littlearm)

.ARM.attributes
                0x00000000       0x29
 .ARM.attributes
                0x00000000       0x1d c:/users/mw7/appdata/roaming/arduino15/packages/arduino/tools/arm-none-eabi-gcc/4.8.3-2014q1/bin/../lib/gcc/arm-none-eabi/4.8.3/armv7-m/crti.o
 .ARM.attributes
                0x0000001d       0x2d c:/users/mw7/appdata/roaming/arduino15/packages/arduino/tools/arm-none-eabi-gcc/4.8.3-2014q1/bin/../lib/gcc/arm-none-eabi/4.8.3/armv7-m/crtbegin.o
 .ARM.attributes
                0x0000004a       0x33 C:\Users\mw7\AppData\Local\V.Micro\Arduino\Builds\ADC_Stream_Due\arduino_due_x_dbg/syscalls_sam3.c.o
 .ARM.attributes
                0x0000007d       0x33 C:\Users\mw7\AppData\Local\V.Micro\Arduino\Builds\ADC_Stream_Due\arduino_due_x_dbg\ADC_Stream_Due.cpp.o
 .ARM.attributes
                0x000000b0       0x31 C:\Users\mw7\AppData\Roaming\arduino15\packages\arduino\hardware\sam\1.6.4\variants\arduino_due_x/libsam_sam3x8e_gcc_rel.a(startup_sam3xa.o)
 .ARM.attributes
                0x000000e1       0x31 C:\Users\mw7\AppData\Roaming\arduino15\packages\arduino\hardware\sam\1.6.4\variants\arduino_due_x/libsam_sam3x8e_gcc_rel.a(uotghs.o)
 .ARM.attributes
                0x00000112       0x33 C:\Users\mw7\AppData\Local\V.Micro\Arduino\Builds\ADC_Stream_Due\arduino_due_x_dbg/core.a(cortex_handlers.c.o)
 .ARM.attributes
                0x00000145       0x33 C:\Users\mw7\AppData\Local\V.Micro\Arduino\Builds\ADC_Stream_Due\arduino_due_x_dbg/core.a(hooks.c.o)
 .ARM.attributes
                0x00000178       0x33 C:\Users\mw7\AppData\Local\V.Micro\Arduino\Builds\ADC_Stream_Due\arduino_due_x_dbg/core.a(wiring.c.o)
 .ARM.attributes
                0x000001ab       0x33 C:\Users\mw7\AppData\Local\V.Micro\Arduino\Builds\ADC_Stream_Due\arduino_due_x_dbg/core.a(wiring_analog.c.o)
 .ARM.attributes
                0x000001de       0x33 C:\Users\mw7\AppData\Local\V.Micro\Arduino\Builds\ADC_Stream_Due\arduino_due_x_dbg/core.a(wiring_digital.c.o)
 .ARM.attributes
                0x00000211       0x33 C:\Users\mw7\AppData\Local\V.Micro\Arduino\Builds\ADC_Stream_Due\arduino_due_x_dbg/core.a(main.cpp.o)
 .ARM.attributes
                0x00000244       0x33 C:\Users\mw7\AppData\Local\V.Micro\Arduino\Builds\ADC_Stream_Due\arduino_due_x_dbg/core.a(Print.cpp.o)
 .ARM.attributes
                0x00000277       0x33 C:\Users\mw7\AppData\Local\V.Micro\Arduino\Builds\ADC_Stream_Due\arduino_due_x_dbg/core.a(Reset.cpp.o)
 .ARM.attributes
                0x000002aa       0x33 C:\Users\mw7\AppData\Local\V.Micro\Arduino\Builds\ADC_Stream_Due\arduino_due_x_dbg/core.a(UARTClass.cpp.o)
 .ARM.attributes
                0x000002dd       0x33 C:\Users\mw7\AppData\Local\V.Micro\Arduino\Builds\ADC_Stream_Due\arduino_due_x_dbg/core.a(WString.cpp.o)
 .ARM.attributes
                0x00000310       0x33 C:\Users\mw7\AppData\Local\V.Micro\Arduino\Builds\ADC_Stream_Due\arduino_due_x_dbg/core.a(USBCore.cpp.o)
 .ARM.attributes
                0x00000343       0x33 C:\Users\mw7\AppData\Local\V.Micro\Arduino\Builds\ADC_Stream_Due\arduino_due_x_dbg/core.a(variant.cpp.o)
 .ARM.attributes
                0x00000376       0x33 C:\Users\mw7\AppData\Local\V.Micro\Arduino\Builds\ADC_Stream_Due\arduino_due_x_dbg/core.a(RingBuffer.cpp.o)
 .ARM.attributes
                0x000003a9       0x33 C:\Users\mw7\AppData\Local\V.Micro\Arduino\Builds\ADC_Stream_Due\arduino_due_x_dbg/core.a(USARTClass.cpp.o)
 .ARM.attributes
                0x000003dc       0x33 C:\Users\mw7\AppData\Local\V.Micro\Arduino\Builds\ADC_Stream_Due\arduino_due_x_dbg/core.a(CDC.cpp.o)
 .ARM.attributes
                0x0000040f       0x33 C:\Users\mw7\AppData\Local\V.Micro\Arduino\Builds\ADC_Stream_Due\arduino_due_x_dbg/core.a(HID.cpp.o)
 .ARM.attributes
                0x00000442       0x31 C:\Users\mw7\AppData\Roaming\arduino15\packages\arduino\hardware\sam\1.6.4\variants\arduino_due_x/libsam_sam3x8e_gcc_rel.a(pio.o)